Archive member included to satisfy reference by file (symbol)

/opt/devkitpro/libogc/lib/wii/libwiiuse.a(wpad.o)
                              template.o (WPAD_Init)
/opt/devkitpro/libogc/lib/wii/libwiiuse.a(motion_plus.o)
                              /opt/devkitpro/libogc/lib/wii/libwiiuse.a(wpad.o) (wiiuse_set_motion_plus)
/opt/devkitpro/libogc/lib/wii/libwiiuse.a(dynamics.o)
                              /opt/devkitpro/libogc/lib/wii/libwiiuse.a(wpad.o) (calculate_gforce)
/opt/devkitpro/libogc/lib/wii/libwiiuse.a(io.o)
                              /opt/devkitpro/libogc/lib/wii/libwiiuse.a(motion_plus.o) (wiiuse_disable_expansion)
/opt/devkitpro/libogc/lib/wii/libwiiuse.a(io_wii.o)
                              /opt/devkitpro/libogc/lib/wii/libwiiuse.a(wpad.o) (__wiiuse_sensorbar_enable)
/opt/devkitpro/libogc/lib/wii/libwiiuse.a(ir.o)
                              /opt/devkitpro/libogc/lib/wii/libwiiuse.a(motion_plus.o) (wiiuse_set_ir_mode)
/opt/devkitpro/libogc/lib/wii/libwiiuse.a(nunchuk.o)
                              /opt/devkitpro/libogc/lib/wii/libwiiuse.a(io.o) (nunchuk_handshake)
/opt/devkitpro/libogc/lib/wii/libwiiuse.a(wiiboard.o)
                              /opt/devkitpro/libogc/lib/wii/libwiiuse.a(io.o) (wii_board_handshake)
/opt/devkitpro/libogc/lib/wii/libwiiuse.a(wiiuse.o)
                              /opt/devkitpro/libogc/lib/wii/libwiiuse.a(wpad.o) (wiiuse_init)
/opt/devkitpro/libogc/lib/wii/libwiiuse.a(speaker.o)
                              /opt/devkitpro/libogc/lib/wii/libwiiuse.a(wpad.o) (wencdata)
/opt/devkitpro/libogc/lib/wii/libwiiuse.a(classic.o)
                              /opt/devkitpro/libogc/lib/wii/libwiiuse.a(io.o) (classic_ctrl_handshake)
/opt/devkitpro/libogc/lib/wii/libwiiuse.a(events.o)
                              /opt/devkitpro/libogc/lib/wii/libwiiuse.a(io_wii.o) (parse_event)
/opt/devkitpro/libogc/lib/wii/libwiiuse.a(guitar_hero_3.o)
                              /opt/devkitpro/libogc/lib/wii/libwiiuse.a(io.o) (guitar_hero_3_handshake)
/opt/devkitpro/libogc/lib/wii/libbte.a(bte.o)
                              /opt/devkitpro/libogc/lib/wii/libwiiuse.a(wpad.o) (BTE_Init)
/opt/devkitpro/libogc/lib/wii/libbte.a(hci.o)
                              /opt/devkitpro/libogc/lib/wii/libbte.a(bte.o) (hci_init)
/opt/devkitpro/libogc/lib/wii/libbte.a(l2cap.o)
                              /opt/devkitpro/libogc/lib/wii/libbte.a(bte.o) (l2cap_init)
/opt/devkitpro/libogc/lib/wii/libbte.a(btmemb.o)
                              /opt/devkitpro/libogc/lib/wii/libbte.a(bte.o) (btmemb_init)
/opt/devkitpro/libogc/lib/wii/libbte.a(btmemr.o)
                              /opt/devkitpro/libogc/lib/wii/libbte.a(hci.o) (btmemr_init)
/opt/devkitpro/libogc/lib/wii/libbte.a(btpbuf.o)
                              /opt/devkitpro/libogc/lib/wii/libbte.a(hci.o) (btpbuf_init)
/opt/devkitpro/libogc/lib/wii/libbte.a(physbusif.o)
                              /opt/devkitpro/libogc/lib/wii/libbte.a(bte.o) (physbusif_init)
/opt/devkitpro/libogc/lib/wii/libogc.a(console.o)
                              template.o (CON_Init)
/opt/devkitpro/libogc/lib/wii/libogc.a(lwp_queue.o)
                              /opt/devkitpro/libogc/lib/wii/libwiiuse.a(io_wii.o) (__lwp_queue_initialize)
/opt/devkitpro/libogc/lib/wii/libogc.a(lwp_threads.o)
                              /opt/devkitpro/libogc/lib/wii/libwiiuse.a(wpad.o) (_thread_dispatch_disable_level)
/opt/devkitpro/libogc/lib/wii/libogc.a(lwp.o)
                              /opt/devkitpro/libogc/lib/wii/libbte.a(bte.o) (LWP_InitQueue)
/opt/devkitpro/libogc/lib/wii/libogc.a(lwp_handler.o)
                              /opt/devkitpro/libogc/lib/wii/libogc.a(lwp_threads.o) (_cpu_context_save_fp)
/opt/devkitpro/libogc/lib/wii/libogc.a(lwp_stack.o)
                              /opt/devkitpro/libogc/lib/wii/libogc.a(lwp_threads.o) (__lwp_stack_allocate)
/opt/devkitpro/libogc/lib/wii/libogc.a(lwp_watchdog.o)
                              /opt/devkitpro/libogc/lib/wii/libogc.a(lwp_threads.o) (_wd_ticks_queue)
/opt/devkitpro/libogc/lib/wii/libogc.a(lwp_wkspace.o)
                              /opt/devkitpro/libogc/lib/wii/libwiiuse.a(motion_plus.o) (__wkspace_heap)
/opt/devkitpro/libogc/lib/wii/libogc.a(lwp_objmgr.o)
                              /opt/devkitpro/libogc/lib/wii/libogc.a(lwp.o) (__lwp_objmgr_initinfo)
/opt/devkitpro/libogc/lib/wii/libogc.a(lwp_heap.o)
                              /opt/devkitpro/libogc/lib/wii/libogc.a(lwp_wkspace.o) (__lwp_heap_init)
/opt/devkitpro/libogc/lib/wii/libogc.a(sys_state.o)
                              /opt/devkitpro/libogc/lib/wii/libogc.a(lwp_threads.o) (_sys_state_curr)
/opt/devkitpro/libogc/lib/wii/libogc.a(irq.o)
                              /opt/devkitpro/libogc/lib/wii/libwiiuse.a(io_wii.o) (IRQ_Disable)
/opt/devkitpro/libogc/lib/wii/libogc.a(video.o)
                              /opt/devkitpro/libogc/lib/wii/libogc.a(console.o) (VIDEO_GetCurrentFramebuffer)
/opt/devkitpro/libogc/lib/wii/libogc.a(pad.o)
[...]
Memory Configuration

Name             Origin             Length             Attributes
*default*        0x00000000         0xffffffff

Linker script and memory map

                0x00003400                        . = 0x3400

.stub
 *(.stub)
                0x80004000                        . = 0x80004000

.init           0x80004000      0x194
 *crt0.o(*.init)
 .init          0x80004000      0x170 /opt/devkitpro/libogc/lib/wii/libogc.a(ogc_crt0.o)
                0x80004000                _start
                0x80004140                _memset
 *(.init)
 .init          0x80004170        0xc /opt/devkitpro/devkitPPC/bin/../lib/gcc/powerpc-eabi/13.1.0/ecrti.o
                0x80004170                __init
 .init          0x8000417c        0x4 /opt/devkitpro/devkitPPC/bin/../lib/gcc/powerpc-eabi/13.1.0/crtbegin.o
 .init          0x80004180        0x4 /opt/devkitpro/devkitPPC/bin/../lib/gcc/powerpc-eabi/13.1.0/crtend.o
 .init          0x80004184       0x10 /opt/devkitpro/devkitPPC/bin/../lib/gcc/powerpc-eabi/13.1.0/ecrtn.o

.rela.dyn       0x80004194        0x0
 .rela.iplt     0x80004194        0x0 /opt/devkitpro/devkitPPC/bin/../lib/gcc/powerpc-eabi/13.1.0/crtbegin.o

.plt
 *(.plt)

.interp
 *(.interp)

.hash
 *(.hash)

.dynsym
 *(.dynsym)

.dynstr
 *(.dynstr)

.gnu.version
 *(.gnu.version)

.gnu.version_d
 *(.gnu.version_d)

.gnu.version_r
 *(.gnu.version_r)

.rel.init
 *(.rel.init)

.rela.init
 *(.rela.init)

.rel.text
 *(.rel.text .rel.text.* .rel.gnu.linkonce.t.*)

.rela.text      0x80004194        0x0
 *(.rela.text .rela.text.* .rela.gnu.linkonce.t.*)
 .rela.text.__do_global_dtors_aux
                0x80004194        0x0 /opt/devkitpro/devkitPPC/bin/../lib/gcc/powerpc-eabi/13.1.0/crtbegin.o
 .rela.text.frame_dummy
                0x80004194        0x0 /opt/devkitpro/devkitPPC/bin/../lib/gcc/powerpc-eabi/13.1.0/crtbegin.o
 .rela.text.unlikely.abort
                0x80004194        0x0 /opt/devkitpro/devkitPPC/bin/../lib/gcc/powerpc-eabi/13.1.0/crtbegin.o
 .rela.text.__assert_func
                0x80004194        0x0 /opt/devkitpro/devkitPPC/bin/../lib/gcc/powerpc-eabi/13.1.0/crtbegin.o

.rel.fini
 *(.rel.fini)

.rela.fini
 *(.rela.fini)

.rel.rodata
 *(.rel.rodata .rel.rodata.* .rel.gnu.linkonce.r.*)

.rela.rodata
 *(.rela.rodata .rela.rodata.* .rela.gnu.linkonce.r.*)

.rel.data
 *(.rel.data .rel.data.* .rel.gnu.linkonce.d.*)

.rela.data
 *(.rela.data .rela.data.* .rela.gnu.linkonce.d.*)

.rel.tdata
 *(.rel.tdata .rel.tdata.* .rel.gnu.linkonce.td.*)

.rela.tdata
 *(.rela.tdata .rela.tdata.* .rela.gnu.linkonce.td.*)

.rel.tbss
 *(.rel.tbss .rel.tbss.* .rel.gnu.linkonce.tb.*)

.rela.tbss
 *(.rela.tbss .rela.tbss.* .rela.gnu.linkonce.tb.*)

.rel.ctors
 *(.rel.ctors)

.rela.ctors
 *(.rela.ctors)

.rel.dtors
 *(.rel.dtors)

.rela.dtors
 *(.rela.dtors)

.rel.got
 *(.rel.got)

.rela.got
 *(.rela.got)

.rela.got1
 *(.rela.got1)

.rela.got2
 *(.rela.got2)

.rel.sdata
 *(.rel.sdata .rel.sdata.* .rel.gnu.linkonce.s.*)

.rela.sdata
 *(.rela.sdata .rela.sdata.* .rela.gnu.linkonce.s.*)

.rel.sbss
 *(.rel.sbss .rel.sbss.* .rel.gnu.linkonce.sb.*)

.rela.sbss
 *(.rela.sbss .rela.sbss.* .rel.gnu.linkonce.sb.*)

.rel.sdata2
 *(.rel.sdata2 .rel.sdata2.* .rel.gnu.linkonce.s2.*)

.rela.sdata2
 *(.rela.sdata2 .rela.sdata2.* .rela.gnu.linkonce.s2.*)

.rel.sbss2
 *(.rel.sbss2 .rel.sbss2.* .rel.gnu.linkonce.sb2.*)

.rela.sbss2
 *(.rela.sbss2 .rela.sbss2.* .rela.gnu.linkonce.sb2.*)

.rel.bss
 *(.rel.bss .rel.bss.* .rel.gnu.linkonce.b.*)

.rela.bss
 *(.rela.bss .rela.bss.* .rela.gnu.linkonce.b.*)

.rel.plt
 *(.rel.plt)

.rela.plt
 *(.rela.plt)

.text           0x800041a0    0x38940
 *(.text)
 .text          0x800041a0      0x44c /opt/devkitpro/libogc/lib/wii/libogc.a(lwp_handler.o)
                0x800041a0                _cpu_context_save_fp
                0x800042e0                _cpu_context_restore_fp
                0x80004420                _cpu_context_switch
                0x80004500                _cpu_context_save
                0x80004580                _cpu_context_restore
 .text          0x800045ec      0x4a0 /opt/devkitpro/libogc/lib/wii/libogc.a(system_asm.o)
                0x800045ec                __realmode
                0x80004604                __configBATS
                0x80004734                __InitFPRS
                0x80004860                __InitPS
                0x800048bc                __InitCache
                0x80004914                __InitSystem
                0x8000499c                __flush_cache
                0x800049d0                __reset
                0x80004a40                __InitBATS
                0x80004a5c                SYS_SwitchFiber
 .text          0x80004a8c      0x1ac /opt/devkitpro/libogc/lib/wii/libogc.a(irq_handler.o)
                0x80004a8c                irq_exceptionhandler
 .text          0x80004c38      0x4f4 /opt/devkitpro/libogc/lib/wii/libogc.a(cache_asm.o)
                0x80004c38                DCFlashInvalidate
                0x80004c4c                DCEnable
                0x80004c60                DCDisable
                0x80004c74                DCFreeze
                0x80004c88                DCUnfreeze
                0x80004c9c                DCTouchLoad
                0x80004ca4                DCBlockZero
                0x80004cac                DCBlockStore
                0x80004cb4                DCBlockFlush
                0x80004cbc                DCBlockInvalidate
                0x80004cc4                DCInvalidateRange
                0x80004cf4                DCFlushRange
                0x80004d28                DCStoreRange
                0x80004d5c                DCFlushRangeNoSync
                0x80004d8c                DCStoreRangeNoSync
                0x80004dbc                DCZeroRange
                0x80004dec                DCTouchRange
                0x80004e1c                ICInvalidateRange
                0x80004e54                ICFlashInvalidate
                0x80004e68                ICEnable
                0x80004e7c                ICDisable
                0x80004e90                ICFreeze
                0x80004ea4                ICUnfreeze
                0x80004eb8                ICBlockInvalidate
                0x80004ec0                ICSync
                0x80004ec8                L2Init
                0x80004f10                L2Enable
                0x80004f2c                L2Disable
                0x80004f44                L2GlobalInvalidate
                0x80004f9c                __LCEnable
                0x80005068                LCDisable
                0x80005090                LCAllocOneTag
                0x800050a4                LCAllocTags
                0x800050e4                LCLoadBlocks
                0x80005108                LCStoreBlocks
 .text          0x8000512c      0x1ac /opt/devkitpro/libogc/lib/wii/libogc.a(decrementer_handler.o)
                0x8000512c                dec_exceptionhandler
 .text          0x800052d8      0x35c /opt/devkitpro/libogc/lib/wii/libogc.a(exception_handler.o)
                0x800052d8                exceptionhandler_start
                0x80005354                exceptionhandler_patch
                0x80005388                exceptionhandler_end
                0x8000538c                default_exceptionhandler
                0x800054bc                fpu_exceptionhandler
                0x80005604                systemcallhandler_start
                0x80005630                systemcallhandler_end
 .text          0x80005634       0x48 /opt/devkitpro/devkitPPC/bin/../lib/gcc/powerpc-eabi/13.1.0/libgcc.a(eabi.o)
                0x80005634                __eabi
 .text          0x8000567c       0x58 /opt/devkitpro/devkitPPC/bin/../lib/gcc/powerpc-eabi/13.1.0/libgcc.a(crtresxfpr.o)
                0x8000567c                _restfpr_14_x
                0x80005680                _restfpr_15_x
                0x80005684                _restfpr_16_x
                0x80005688                _restfpr_17_x
                0x8000568c                _restfpr_18_x
                0x80005690                _restfpr_19_x
                0x80005694                _restfpr_20_x
                0x80005698                _restfpr_21_x
                0x8000569c                _restfpr_22_x
                0x800056a0                _restfpr_23_x
                0x800056a4                _restfpr_24_x
                0x800056a8                _restfpr_25_x
                0x800056ac                _restfpr_26_x
                0x800056b0                _restfpr_27_x
                0x800056b4                _restfpr_28_x
                0x800056b8                _restfpr_29_x
                0x800056bc                _restfpr_30_x
                0x800056c0                _restfpr_31_x
 .text          0x800056d4       0x58 /opt/devkitpro/devkitPPC/bin/../lib/gcc/powerpc-eabi/13.1.0/libgcc.a(crtresxgpr.o)
                0x800056d4                _restgpr_14_x
                0x800056d8                _restgpr_15_x
                0x800056dc                _restgpr_16_x
                0x800056e0                _restgpr_17_x
                0x800056e4                _restgpr_18_x
                0x800056e8                _restgpr_19_x
                0x800056ec                _restgpr_20_x
                0x800056f0                _restgpr_21_x
                0x800056f4                _restgpr_22_x
                0x800056f8                _restgpr_23_x
                0x800056fc                _restgpr_24_x
                0x80005700                _restgpr_25_x
                0x80005704                _restgpr_26_x
                0x80005708                _restgpr_27_x
                0x8000570c                _restgpr_28_x
                0x80005710                _restgpr_29_x
                0x80005714                _restgpr_30_x
                0x80005718                _restgpr_31_x
 *(.text.*)
 .text.__do_global_dtors_aux
                0x8000572c       0xcc /opt/devkitpro/devkitPPC/bin/../lib/gcc/powerpc-eabi/13.1.0/crtbegin.o
 .text.frame_dummy
                0x800057f8       0x24 /opt/devkitpro/devkitPPC/bin/../lib/gcc/powerpc-eabi/13.1.0/crtbegin.o
 .text.__crtmain
                0x8000581c       0x44 /opt/devkitpro/devkitPPC/bin/../lib/gcc/powerpc-eabi/13.1.0/../../../../powerpc-eabi/lib/crtmain.o
                0x80005820                __crtmain
 .text.disclaimer
                0x80005860       0xa0 template.o
                0x80005860                disclaimer
 .text.game_selectionmenu
                0x80005900      0x4f4 template.o
                0x80005900                game_selectionmenu
 .text.startup.main
                0x80005df4       0xbc template.o
                0x80005df4                main
 .text.__wpad_assign_slot
                0x80005eb0      0x254 /opt/devkitpro/libogc/lib/wii/libwiiuse.a(wpad.o)
                0x80005eb0                __wpad_assign_slot
 .text.__wpad_def_powcb
                0x80006104        0x4 /opt/devkitpro/libogc/lib/wii/libwiiuse.a(wpad.o)
 .text.__readlinkkey_finished
                0x80006108       0x34 /opt/devkitpro/libogc/lib/wii/libwiiuse.a(wpad.o)
 .text.__wpad_patch_finished
                0x8000613c       0x2c /opt/devkitpro/libogc/lib/wii/libwiiuse.a(wpad.o)
 .text.__wpad_setfmt
                0x80006168      0x14c /opt/devkitpro/libogc/lib/wii/libwiiuse.a(wpad.o)
 .text.__wpad_eventCB
                0x800062b4      0xad4 /opt/devkitpro/libogc/lib/wii/libwiiuse.a(wpad.o)
 .text.__wpad_disconnectCB
                0x80006d88       0xd4 /opt/devkitpro/libogc/lib/wii/libwiiuse.a(wpad.o)
                0x80006d88                __wpad_disconnectCB
 .text.__wpad_timeouthandler
                0x80006e5c       0xa8 /opt/devkitpro/libogc/lib/wii/libwiiuse.a(wpad.o)
 .text.__initcore_finished
                0x80006f04       0x48 /opt/devkitpro/libogc/lib/wii/libwiiuse.a(wpad.o)
 .text.__wpad_init_finished
                0x80006f4c      0x194 /opt/devkitpro/libogc/lib/wii/libwiiuse.a(wpad.o)
 .text.WPAD_ReadEvent
                0x800070e0      0x68c /opt/devkitpro/libogc/lib/wii/libwiiuse.a(wpad.o)
                0x800070e0                WPAD_ReadEvent
 .text.WPAD_ReadPending
                0x8000776c      0x1a0 /opt/devkitpro/libogc/lib/wii/libwiiuse.a(wpad.o)
                0x8000776c                WPAD_ReadPending
 .text.WPAD_Shutdown
                0x8000790c      0x114 /opt/devkitpro/libogc/lib/wii/libwiiuse.a(wpad.o)
                0x8000790c                WPAD_Shutdown
 .text.WPAD_Init
                0x80007a20      0x2c4 /opt/devkitpro/libogc/lib/wii/libwiiuse.a(wpad.o)
                0x80007a20                WPAD_Init
 .text.__wpad_onreset
                0x80007ce4       0x34 /opt/devkitpro/libogc/lib/wii/libwiiuse.a(wpad.o)
 .text.WPAD_ScanPads
                0x80007d18       0x90 /opt/devkitpro/libogc/lib/wii/libwiiuse.a(wpad.o)
                0x80007d18                WPAD_ScanPads
 .text.WPAD_ButtonsDown
                0x80007da8       0x28 /opt/devkitpro/libogc/lib/wii/libwiiuse.a(wpad.o)
                0x80007da8                WPAD_ButtonsDown
 .text.WPAD_ButtonsHeld
                0x80007dd0       0x28 /opt/devkitpro/libogc/lib/wii/libwiiuse.a(wpad.o)
                0x80007dd0                WPAD_ButtonsHeld
 .text.motion_plus_disconnected
                0x80007df8       0x10 /opt/devkitpro/libogc/lib/wii/libwiiuse.a(motion_plus.o)
                0x80007df8                motion_plus_disconnected
 .text.motion_plus_event
                0x80007e08       0x64 /opt/devkitpro/libogc/lib/wii/libwiiuse.a(motion_plus.o)
                0x80007e08                motion_plus_event
 .text.calculate_gforce
                0x80007e6c      0x114 /opt/devkitpro/libogc/lib/wii/libwiiuse.a(dynamics.o)
                0x80007e6c                calculate_gforce
 .text.calc_joystick_state
                0x80007f80      0x210 /opt/devkitpro/libogc/lib/wii/libwiiuse.a(dynamics.o)
                0x80007f80                calc_joystick_state
 .text.apply_smoothing
                0x80008190      0x140 /opt/devkitpro/libogc/lib/wii/libwiiuse.a(dynamics.o)
                0x80008190                apply_smoothing
 .text.calculate_orientation
                0x800082d0      0x340 /opt/devkitpro/libogc/lib/wii/libwiiuse.a(dynamics.o)
                0x800082d0                calculate_orientation
 .text.calc_balanceboard_state
                0x80008610      0x3a4 /opt/devkitpro/libogc/lib/wii/libwiiuse.a(dynamics.o)
                0x80008610                calc_balanceboard_state
 .text.wiiuse_handshake
                0x800089b4      0x27c /opt/devkitpro/libogc/lib/wii/libwiiuse.a(io.o)
                0x800089b4                wiiuse_handshake
 .text.wiiuse_handshake_expansion
                0x80008c30      0x1f0 /opt/devkitpro/libogc/lib/wii/libwiiuse.a(io.o)
                0x80008c30                wiiuse_handshake_expansion
 .text.wiiuse_handshake_expansion_start
                0x80008e20       0x5c /opt/devkitpro/libogc/lib/wii/libwiiuse.a(io.o)
                0x80008e20                wiiuse_handshake_expansion_start
 .text.wiiuse_disable_expansion
                0x80008e7c      0x1b0 /opt/devkitpro/libogc/lib/wii/libwiiuse.a(io.o)
                0x80008e7c                wiiuse_disable_expansion
 .text.__wiiuse_connected
                0x8000902c       0x9c /opt/devkitpro/libogc/lib/wii/libwiiuse.a(io_wii.o)
 .text.__wiiuse_disconnected
                0x800090c8       0xb4 /opt/devkitpro/libogc/lib/wii/libwiiuse.a(io_wii.o)
 .text.__wiiuse_receive
                0x8000917c       0xd0 /opt/devkitpro/libogc/lib/wii/libwiiuse.a(io_wii.o)
 .text.__wiiuse_sensorbar_enable
                0x8000924c       0x54 /opt/devkitpro/libogc/lib/wii/libwiiuse.a(io_wii.o)
                0x8000924c                __wiiuse_sensorbar_enable
 .text.wiiuse_register
                0x800092a0       0xf0 /opt/devkitpro/libogc/lib/wii/libwiiuse.a(io_wii.o)
                0x800092a0                wiiuse_register
 .text.wiiuse_disconnect
                0x80009390       0x24 /opt/devkitpro/libogc/lib/wii/libwiiuse.a(io_wii.o)
                0x80009390                wiiuse_disconnect
 .text.wiiuse_init_cmd_queue
                0x800093b4       0x9c /opt/devkitpro/libogc/lib/wii/libwiiuse.a(io_wii.o)
                0x800093b4                wiiuse_init_cmd_queue
 .text.wiiuse_io_write
                0x80009450       0x1c /opt/devkitpro/libogc/lib/wii/libwiiuse.a(io_wii.o)
                0x80009450                wiiuse_io_write
 .text.rotate_dots
                0x8000946c      0x13c /opt/devkitpro/libogc/lib/wii/libwiiuse.a(ir.o)
 .text.get_ir_sens.constprop.0.isra.0
                0x800095a8       0xdc /opt/devkitpro/libogc/lib/wii/libwiiuse.a(ir.o)
 .text.wiiuse_set_ir_mode
                0x80009684       0x5c /opt/devkitpro/libogc/lib/wii/libwiiuse.a(ir.o)
                0x80009684                wiiuse_set_ir_mode
 .text.wiiuse_set_ir
                0x800096e0      0x204 /opt/devkitpro/libogc/lib/wii/libwiiuse.a(ir.o)
                0x800096e0                wiiuse_set_ir
 .text.wiiuse_set_ir_position
                0x800098e4       0x80 /opt/devkitpro/libogc/lib/wii/libwiiuse.a(ir.o)
                0x800098e4                wiiuse_set_ir_position
 .text.wiiuse_set_aspect_ratio
                0x80009964       0xac /opt/devkitpro/libogc/lib/wii/libwiiuse.a(ir.o)
                0x80009964                wiiuse_set_aspect_ratio
 .text.wiiuse_set_ir_sensitivity
                0x80009a10       0xe4 /opt/devkitpro/libogc/lib/wii/libwiiuse.a(ir.o)
                0x80009a10                wiiuse_set_ir_sensitivity
 .text.calculate_basic_ir
                0x80009af4       0xe8 /opt/devkitpro/libogc/lib/wii/libwiiuse.a(ir.o)
                0x80009af4                calculate_basic_ir
 .text.calculate_extended_ir
                0x80009bdc       0x64 /opt/devkitpro/libogc/lib/wii/libwiiuse.a(ir.o)
                0x80009bdc                calculate_extended_ir
 .text.find_sensorbar
                0x80009c40      0xa00 /opt/devkitpro/libogc/lib/wii/libwiiuse.a(ir.o)
                0x80009c40                find_sensorbar
 .text.apply_ir_smoothing
                0x8000a640      0x124 /opt/devkitpro/libogc/lib/wii/libwiiuse.a(ir.o)
                0x8000a640                apply_ir_smoothing
 .text.interpret_ir_data
                0x8000a764      0x3c8 /opt/devkitpro/libogc/lib/wii/libwiiuse.a(ir.o)
                0x8000a764                interpret_ir_data
 .text.nunchuk_handshake
                0x8000ab2c      0x31c /opt/devkitpro/libogc/lib/wii/libwiiuse.a(nunchuk.o)
                0x8000ab2c                nunchuk_handshake
 .text.nunchuk_disconnected
                0x8000ae48        0xc /opt/devkitpro/libogc/lib/wii/libwiiuse.a(nunchuk.o)
                0x8000ae48                nunchuk_disconnected
 .text.nunchuk_event
                0x8000ae54       0xe8 /opt/devkitpro/libogc/lib/wii/libwiiuse.a(nunchuk.o)
                0x8000ae54                nunchuk_event
 .text.wii_board_handshake
                0x8000af3c      0x284 /opt/devkitpro/libogc/lib/wii/libwiiuse.a(wiiboard.o)
                0x8000af3c                wii_board_handshake
 .text.wii_board_disconnected
                0x8000b1c0        0xc /opt/devkitpro/libogc/lib/wii/libwiiuse.a(wiiboard.o)
                0x8000b1c0                wii_board_disconnected
 .text.wii_board_event
                0x8000b1cc       0x24 /opt/devkitpro/libogc/lib/wii/libwiiuse.a(wiiboard.o)
                0x8000b1cc                wii_board_event
 .text.wiiuse_send_next_command
                0x8000b1f0       0x58 /opt/devkitpro/libogc/lib/wii/libwiiuse.a(wiiuse.o)
                0x8000b1f0                wiiuse_send_next_command
 .text.wiiuse_init
                0x8000b248      0x208 /opt/devkitpro/libogc/lib/wii/libwiiuse.a(wiiuse.o)
                0x8000b248                wiiuse_init
 .text.wiiuse_set_flags
                0x8000b450       0x28 /opt/devkitpro/libogc/lib/wii/libwiiuse.a(wiiuse.o)
                0x8000b450                wiiuse_set_flags
 .text.wiiuse_read_data
                0x8000b478      0x154 /opt/devkitpro/libogc/lib/wii/libwiiuse.a(wiiuse.o)
                0x8000b478                wiiuse_read_data
 .text.wiiuse_write_data
                0x8000b5cc      0x18c /opt/devkitpro/libogc/lib/wii/libwiiuse.a(wiiuse.o)
                0x8000b5cc                wiiuse_write_data
 .text.wiiuse_sendcmd
                0x8000b758      0x144 /opt/devkitpro/libogc/lib/wii/libwiiuse.a(wiiuse.o)
                0x8000b758                wiiuse_sendcmd
 .text.wiiuse_set_leds
                0x8000b89c       0x50 /opt/devkitpro/libogc/lib/wii/libwiiuse.a(wiiuse.o)
                0x8000b89c                wiiuse_set_leds
 .text.wiiuse_set_report_type
                0x8000b8ec       0xb0 /opt/devkitpro/libogc/lib/wii/libwiiuse.a(wiiuse.o)
                0x8000b8ec                wiiuse_set_report_type
 .text.wiiuse_status
                0x8000b99c       0x4c /opt/devkitpro/libogc/lib/wii/libwiiuse.a(wiiuse.o)
                0x8000b99c                wiiuse_status
 .text.wiiuse_motion_sensing
                0x8000b9e8       0x84 /opt/devkitpro/libogc/lib/wii/libwiiuse.a(wiiuse.o)
                0x8000b9e8                wiiuse_motion_sensing
 .text.wiiuse_set_speaker
                0x8000ba6c      0x24c /opt/devkitpro/libogc/lib/wii/libwiiuse.a(speaker.o)
                0x8000ba6c                wiiuse_set_speaker
 .text.classic_ctrl_handshake
                0x8000bcb8      0x410 /opt/devkitpro/libogc/lib/wii/libwiiuse.a(classic.o)
                0x8000bcb8                classic_ctrl_handshake
 .text.classic_ctrl_disconnected
                0x8000c0c8        0xc /opt/devkitpro/libogc/lib/wii/libwiiuse.a(classic.o)
                0x8000c0c8                classic_ctrl_disconnected
 .text.classic_ctrl_event
                0x8000c0d4      0x15c /opt/devkitpro/libogc/lib/wii/libwiiuse.a(classic.o)
                0x8000c0d4                classic_ctrl_event
 .text.handle_expansion
                0x8000c230       0x54 /opt/devkitpro/libogc/lib/wii/libwiiuse.a(events.o)
 .text.parse_event
                0x8000c284      0x730 /opt/devkitpro/libogc/lib/wii/libwiiuse.a(events.o)
                0x8000c284                parse_event
 .text.guitar_hero_3_handshake
                0x8000c9b4       0x5c /opt/devkitpro/libogc/lib/wii/libwiiuse.a(guitar_hero_3.o)
                0x8000c9b4                guitar_hero_3_handshake
 .text.guitar_hero_3_disconnected
                0x8000ca10        0xc /opt/devkitpro/libogc/lib/wii/libwiiuse.a(guitar_hero_3.o)
                0x8000ca10                guitar_hero_3_disconnected
 .text.guitar_hero_3_event
                0x8000ca1c       0x60 /opt/devkitpro/libogc/lib/wii/libwiiuse.a(guitar_hero_3.o)
                0x8000ca1c                guitar_hero_3_event
 .text.acl_wlp_completed
                0x8000ca7c        0x8 /opt/devkitpro/libogc/lib/wii/libbte.a(bte.o)
                0x8000ca7c                acl_wlp_completed
 .text.bt_alarmhandler
                0x8000ca84       0x58 /opt/devkitpro/libogc/lib/wii/libbte.a(bte.o)
 .text.__bte_send_pending_request
                0x8000cadc      0x108 /opt/devkitpro/libogc/lib/wii/libbte.a(bte.o)
 .text.acl_conn_complete
                0x8000cbe4       0x2c /opt/devkitpro/libogc/lib/wii/libbte.a(bte.o)
                0x8000cbe4                acl_conn_complete
 .text.l2cap_accepted
                0x8000cc10      0x134 /opt/devkitpro/libogc/lib/wii/libbte.a(bte.o)
                0x8000cc10                l2cap_accepted
 .text.l2cap_disconnect_cfm
                0x8000cd44      0x19c /opt/devkitpro/libogc/lib/wii/libbte.a(bte.o)
                0x8000cd44                l2cap_disconnect_cfm
 .text.bte_process_input
                0x8000cee0      0x128 /opt/devkitpro/libogc/lib/wii/libbte.a(bte.o)
 .text.l2cap_disconnected_ind
                0x8000d008      0x1a4 /opt/devkitpro/libogc/lib/wii/libbte.a(bte.o)
                0x8000d008                l2cap_disconnected_ind
 .text.__bte_shutdown_finished
                0x8000d1ac       0xe0 /opt/devkitpro/libogc/lib/wii/libbte.a(bte.o)
 .text.bte_hci_apply_patch_complete
                0x8000d28c      0x164 /opt/devkitpro/libogc/lib/wii/libbte.a(bte.o)
                0x8000d28c                bte_hci_apply_patch_complete
 .text.bte_hci_patch_complete
                0x8000d3f0      0x380 /opt/devkitpro/libogc/lib/wii/libbte.a(bte.o)
                0x8000d3f0                bte_hci_patch_complete
 .text.bte_hci_initcore_complete
                0x8000d770      0x280 /opt/devkitpro/libogc/lib/wii/libbte.a(bte.o)
                0x8000d770                bte_hci_initcore_complete
 .text.bte_read_stored_link_key_complete
                0x8000d9f0      0x27c /opt/devkitpro/libogc/lib/wii/libbte.a(bte.o)
                0x8000d9f0                bte_read_stored_link_key_complete
 .text.bte_hci_initcore_complete2
                0x8000dc6c      0x22c /opt/devkitpro/libogc/lib/wii/libbte.a(bte.o)
 .text.bte_hci_initsub_complete
                0x8000de98      0x280 /opt/devkitpro/libogc/lib/wii/libbte.a(bte.o)
                0x8000de98                bte_hci_initsub_complete
 .text.BTE_Init
                0x8000e118      0x138 /opt/devkitpro/libogc/lib/wii/libbte.a(bte.o)
                0x8000e118                BTE_Init
 .text.BTE_Shutdown
                0x8000e250      0x100 /opt/devkitpro/libogc/lib/wii/libbte.a(bte.o)
                0x8000e250                BTE_Shutdown
 .text.BTE_InitCore
                0x8000e350       0x8c /opt/devkitpro/libogc/lib/wii/libbte.a(bte.o)
                0x8000e350                BTE_InitCore
 .text.BTE_ApplyPatch
                0x8000e3dc       0xa4 /opt/devkitpro/libogc/lib/wii/libbte.a(bte.o)
                0x8000e3dc                BTE_ApplyPatch
 .text.BTE_InitSub
                0x8000e480       0x90 /opt/devkitpro/libogc/lib/wii/libbte.a(bte.o)
                0x8000e480                BTE_InitSub
 .text.BTE_ReadStoredLinkKey
                0x8000e510       0x90 /opt/devkitpro/libogc/lib/wii/libbte.a(bte.o)
                0x8000e510                BTE_ReadStoredLinkKey
 .text.BTE_SetDisconnectCallback
                0x8000e5a0        0x4 /opt/devkitpro/libogc/lib/wii/libbte.a(bte.o)
                0x8000e5a0                BTE_SetDisconnectCallback
 .text.bte_new  0x8000e5a4       0x54 /opt/devkitpro/libogc/lib/wii/libbte.a(bte.o)
                0x8000e5a4                bte_new
 .text.bte_registerdeviceasync
                0x8000e5f8      0x158 /opt/devkitpro/libogc/lib/wii/libbte.a(bte.o)
                0x8000e5f8                bte_registerdeviceasync
 .text.bte_disconnect
                0x8000e750       0xd8 /opt/devkitpro/libogc/lib/wii/libbte.a(bte.o)
                0x8000e750                bte_disconnect
 .text.bte_senddata
                0x8000e828      0x104 /opt/devkitpro/libogc/lib/wii/libbte.a(bte.o)
                0x8000e828                bte_senddata
 .text.bte_arg  0x8000e92c       0x38 /opt/devkitpro/libogc/lib/wii/libbte.a(bte.o)
                0x8000e92c                bte_arg
 .text.bte_received
                0x8000e964       0x38 /opt/devkitpro/libogc/lib/wii/libbte.a(bte.o)
                0x8000e964                bte_received
 .text.bte_disconnected
                0x8000e99c       0x38 /opt/devkitpro/libogc/lib/wii/libbte.a(bte.o)
                0x8000e99c                bte_disconnected
 .text.hci_get_link
                0x8000e9d4       0x84 /opt/devkitpro/libogc/lib/wii/libbte.a(hci.o)
 .text.hci_init
                0x8000ea58       0x80 /opt/devkitpro/libogc/lib/wii/libbte.a(hci.o)
                0x8000ea58                hci_init
 .text.hci_close
                0x8000ead8       0xd0 /opt/devkitpro/libogc/lib/wii/libbte.a(hci.o)
                0x8000ead8                hci_close
 .text.hci_reset_all
                0x8000eba8       0xb8 /opt/devkitpro/libogc/lib/wii/libbte.a(hci.o)
                0x8000eba8                hci_reset_all
 .text.hci_arg  0x8000ec60        0xc /opt/devkitpro/libogc/lib/wii/libbte.a(hci.o)
                0x8000ec60                hci_arg
 .text.hci_cmd_complete
                0x8000ec6c        0xc /opt/devkitpro/libogc/lib/wii/libbte.a(hci.o)
                0x8000ec6c                hci_cmd_complete
 .text.hci_connection_complete
                0x8000ec78        0xc /opt/devkitpro/libogc/lib/wii/libbte.a(hci.o)
                0x8000ec78                hci_connection_complete
 .text.hci_wlp_complete
                0x8000ec84        0xc /opt/devkitpro/libogc/lib/wii/libbte.a(hci.o)
                0x8000ec84                hci_wlp_complete
 .text.hci_reset
                0x8000ec90       0xac /opt/devkitpro/libogc/lib/wii/libbte.a(hci.o)
                0x8000ec90                hci_reset
 .text.hci_read_buffer_size
                0x8000ed3c       0xac /opt/devkitpro/libogc/lib/wii/libbte.a(hci.o)
                0x8000ed3c                hci_read_buffer_size
 .text.hci_read_bd_addr
                0x8000ede8       0xac /opt/devkitpro/libogc/lib/wii/libbte.a(hci.o)
                0x8000ede8                hci_read_bd_addr
 .text.hci_read_local_version
                0x8000ee94       0xa8 /opt/devkitpro/libogc/lib/wii/libbte.a(hci.o)
                0x8000ee94                hci_read_local_version
 .text.hci_read_local_features
                0x8000ef3c       0xac /opt/devkitpro/libogc/lib/wii/libbte.a(hci.o)
                0x8000ef3c                hci_read_local_features
 .text.hci_read_stored_link_key
                0x8000efe8      0x100 /opt/devkitpro/libogc/lib/wii/libbte.a(hci.o)
                0x8000efe8                hci_read_stored_link_key
 .text.hci_write_page_timeout
                0x8000f0e8       0xd0 /opt/devkitpro/libogc/lib/wii/libbte.a(hci.o)
                0x8000f0e8                hci_write_page_timeout
 .text.hci_write_scan_enable
                0x8000f1b8       0xbc /opt/devkitpro/libogc/lib/wii/libbte.a(hci.o)
                0x8000f1b8                hci_write_scan_enable
 .text.hci_accecpt_conn_request
                0x8000f274       0xe0 /opt/devkitpro/libogc/lib/wii/libbte.a(hci.o)
                0x8000f274                hci_accecpt_conn_request
 .text.hci_write_local_name
                0x8000f354       0xd8 /opt/devkitpro/libogc/lib/wii/libbte.a(hci.o)
                0x8000f354                hci_write_local_name
 .text.hci_write_pin_type
                0x8000f42c       0xbc /opt/devkitpro/libogc/lib/wii/libbte.a(hci.o)
                0x8000f42c                hci_write_pin_type
 .text.hci_write_inquiry_mode
                0x8000f4e8       0xbc /opt/devkitpro/libogc/lib/wii/libbte.a(hci.o)
                0x8000f4e8                hci_write_inquiry_mode
 .text.hci_write_page_scan_type
                0x8000f5a4       0xbc /opt/devkitpro/libogc/lib/wii/libbte.a(hci.o)
                0x8000f5a4                hci_write_page_scan_type
 .text.hci_write_inquiry_scan_type
                0x8000f660       0xbc /opt/devkitpro/libogc/lib/wii/libbte.a(hci.o)
                0x8000f660                hci_write_inquiry_scan_type
 .text.hci_vendor_specific_command
                0x8000f71c       0xe8 /opt/devkitpro/libogc/lib/wii/libbte.a(hci.o)
                0x8000f71c                hci_vendor_specific_command
 .text.hci_write_link_policy_settings
                0x8000f804      0x104 /opt/devkitpro/libogc/lib/wii/libbte.a(hci.o)
                0x8000f804                hci_write_link_policy_settings
 .text.hci_pin_code_request_neg_reply
                0x8000f908       0xcc /opt/devkitpro/libogc/lib/wii/libbte.a(hci.o)
                0x8000f908                hci_pin_code_request_neg_reply
 .text.hci_link_key_req_neg_reply
                0x8000f9d4       0xcc /opt/devkitpro/libogc/lib/wii/libbte.a(hci.o)
                0x8000f9d4                hci_link_key_req_neg_reply
 .text.hci_disconnect
                0x8000faa0       0xfc /opt/devkitpro/libogc/lib/wii/libbte.a(hci.o)
                0x8000faa0                hci_disconnect
 .text.hci_write_cod
                0x8000fb9c       0xcc /opt/devkitpro/libogc/lib/wii/libbte.a(hci.o)
                0x8000fb9c                hci_write_cod
 .text.hci_host_buffer_size
                0x8000fc68      0x10c /opt/devkitpro/libogc/lib/wii/libbte.a(hci.o)
                0x8000fc68                hci_host_buffer_size
 .text.hci_host_num_comp_packets
                0x8000fd74      0x108 /opt/devkitpro/libogc/lib/wii/libbte.a(hci.o)
                0x8000fd74                hci_host_num_comp_packets
 .text.lp_pdu_maxsize
                0x8000fe7c        0xc /opt/devkitpro/libogc/lib/wii/libbte.a(hci.o)
                0x8000fe7c                lp_pdu_maxsize
 .text.lp_acl_write
                0x8000fe88      0x158 /opt/devkitpro/libogc/lib/wii/libbte.a(hci.o)
                0x8000fe88                lp_acl_write
 .text.lp_write_flush_timeout
                0x8000ffe0      0x104 /opt/devkitpro/libogc/lib/wii/libbte.a(hci.o)
                0x8000ffe0                lp_write_flush_timeout
 .text.hci_event_handler
                0x800100e4      0xc7c /opt/devkitpro/libogc/lib/wii/libbte.a(hci.o)
                0x800100e4                hci_event_handler
 .text.hci_acldata_handler
                0x80010d60      0x11c /opt/devkitpro/libogc/lib/wii/libbte.a(hci.o)
                0x80010d60                hci_acldata_handler
 .text.l2cap_init
                0x80010e7c       0x60 /opt/devkitpro/libogc/lib/wii/libbte.a(l2cap.o)
                0x80010e7c                l2cap_init
 .text.l2cap_write
                0x80010edc      0x1a0 /opt/devkitpro/libogc/lib/wii/libbte.a(l2cap.o)
                0x80010edc                l2cap_write
 .text.l2cap_new
                0x8001107c       0x60 /opt/devkitpro/libogc/lib/wii/libbte.a(l2cap.o)
                0x8001107c                l2cap_new
 .text.l2cap_close
                0x800110dc      0x1d4 /opt/devkitpro/libogc/lib/wii/libbte.a(l2cap.o)
                0x800110dc                l2cap_close
 .text.l2cap_reset_all
                0x800112b0      0x154 /opt/devkitpro/libogc/lib/wii/libbte.a(l2cap.o)
                0x800112b0                l2cap_reset_all
 .text.l2cap_signal
                0x80011404      0x204 /opt/devkitpro/libogc/lib/wii/libbte.a(l2cap.o)
                0x80011404                l2cap_signal
 .text.l2ca_config_req
                0x80011608      0x158 /opt/devkitpro/libogc/lib/wii/libbte.a(l2cap.o)
                0x80011608                l2ca_config_req
 .text.l2ca_disconnect_req
                0x80011760       0xcc /opt/devkitpro/libogc/lib/wii/libbte.a(l2cap.o)
                0x80011760                l2ca_disconnect_req
 .text.l2cap_tmr
                0x8001182c      0x260 /opt/devkitpro/libogc/lib/wii/libbte.a(l2cap.o)
                0x8001182c                l2cap_tmr
 .text.l2cap_process_sig
                0x80011a8c     0x1334 /opt/devkitpro/libogc/lib/wii/libbte.a(l2cap.o)
                0x80011a8c                l2cap_process_sig
 .text.l2cap_input
                0x80012dc0      0x578 /opt/devkitpro/libogc/lib/wii/libbte.a(l2cap.o)
                0x80012dc0                l2cap_input
 .text.l2ca_datawrite
                0x80013338      0x128 /opt/devkitpro/libogc/lib/wii/libbte.a(l2cap.o)
                0x80013338                l2ca_datawrite
 .text.lp_connect_cfm
                0x80013460      0x184 /opt/devkitpro/libogc/lib/wii/libbte.a(l2cap.o)
                0x80013460                lp_connect_cfm
 .text.lp_connect_ind
                0x800135e4        0x4 /opt/devkitpro/libogc/lib/wii/libbte.a(l2cap.o)
                0x800135e4                lp_connect_ind
 .text.lp_disconnect_ind
                0x800135e8      0x124 /opt/devkitpro/libogc/lib/wii/libbte.a(l2cap.o)
                0x800135e8                lp_disconnect_ind
 .text.l2cap_disconnect_bb
                0x8001370c       0x10 /opt/devkitpro/libogc/lib/wii/libbte.a(l2cap.o)
                0x8001370c                l2cap_disconnect_bb
 .text.l2cap_arg
                0x8001371c        0x8 /opt/devkitpro/libogc/lib/wii/libbte.a(l2cap.o)
                0x8001371c                l2cap_arg
 .text.l2cap_connect_ind
                0x80013724      0x104 /opt/devkitpro/libogc/lib/wii/libbte.a(l2cap.o)
                0x80013724                l2cap_connect_ind
 .text.l2cap_disconnect_ind
                0x80013828        0x8 /opt/devkitpro/libogc/lib/wii/libbte.a(l2cap.o)
                0x80013828                l2cap_disconnect_ind
 .text.l2cap_recv
                0x80013830        0x8 /opt/devkitpro/libogc/lib/wii/libbte.a(l2cap.o)
                0x80013830                l2cap_recv
 .text.btmemb_init
                0x80013838       0x24 /opt/devkitpro/libogc/lib/wii/libbte.a(btmemb.o)
                0x80013838                btmemb_init
 .text.btmemb_alloc
                0x8001385c       0x98 /opt/devkitpro/libogc/lib/wii/libbte.a(btmemb.o)
                0x8001385c                btmemb_alloc
 .text.btmemb_free
                0x800138f4      0x114 /opt/devkitpro/libogc/lib/wii/libbte.a(btmemb.o)
                0x800138f4                btmemb_free
 .text.plug_holes
                0x80013a08       0xac /opt/devkitpro/libogc/lib/wii/libbte.a(btmemr.o)
 .text.btmemr_init
                0x80013ab4       0xa4 /opt/devkitpro/libogc/lib/wii/libbte.a(btmemr.o)
                0x80013ab4                btmemr_init
 .text.btmemr_malloc
                0x80013b58      0x17c /opt/devkitpro/libogc/lib/wii/libbte.a(btmemr.o)
                0x80013b58                btmemr_malloc
 .text.btmemr_free
                0x80013cd4       0x98 /opt/devkitpro/libogc/lib/wii/libbte.a(btmemr.o)
                0x80013cd4                btmemr_free
 .text.btmemr_realloc
                0x80013d6c      0x108 /opt/devkitpro/libogc/lib/wii/libbte.a(btmemr.o)
                0x80013d6c                btmemr_realloc
 .text.btpbuf_init
                0x80013e74       0x28 /opt/devkitpro/libogc/lib/wii/libbte.a(btpbuf.o)
                0x80013e74                btpbuf_init
 .text.btpbuf_free
                0x80013e9c      0x11c /opt/devkitpro/libogc/lib/wii/libbte.a(btpbuf.o)
                0x80013e9c                btpbuf_free
 .text.btpbuf_alloc
                0x80013fb8      0x250 /opt/devkitpro/libogc/lib/wii/libbte.a(btpbuf.o)
                0x80013fb8                btpbuf_alloc
 .text.btpbuf_realloc
                0x80014208      0x110 /opt/devkitpro/libogc/lib/wii/libbte.a(btpbuf.o)
                0x80014208                btpbuf_realloc
 .text.btpbuf_header
                0x80014318       0x84 /opt/devkitpro/libogc/lib/wii/libbte.a(btpbuf.o)
                0x80014318                btpbuf_header
 .text.btpbuf_ref
                0x8001439c       0x48 /opt/devkitpro/libogc/lib/wii/libbte.a(btpbuf.o)
                0x8001439c                btpbuf_ref
 .text.btpbuf_chain
                0x800143e4       0x9c /opt/devkitpro/libogc/lib/wii/libbte.a(btpbuf.o)
                0x800143e4                btpbuf_chain
 .text.btpbuf_dechain
                0x80014480       0x7c /opt/devkitpro/libogc/lib/wii/libbte.a(btpbuf.o)
                0x80014480                btpbuf_dechain
 .text.btpbuf_take
                0x800144fc      0x13c /opt/devkitpro/libogc/lib/wii/libbte.a(btpbuf.o)
                0x800144fc                btpbuf_take
 .text.__usb_closeCB
                0x80014638       0x10 /opt/devkitpro/libogc/lib/wii/libbte.a(physbusif.o)
 .text.__writebulkmsgCB
                0x80014648       0x3c /opt/devkitpro/libogc/lib/wii/libbte.a(physbusif.o)
 .text.__writectrlmsgCB
                0x80014684       0x3c /opt/devkitpro/libogc/lib/wii/libbte.a(physbusif.o)
 .text.__issue_intrread.part.0
                0x800146c0       0x80 /opt/devkitpro/libogc/lib/wii/libbte.a(physbusif.o)
 .text.__readintrdataCB
                0x80014740      0x148 /opt/devkitpro/libogc/lib/wii/libbte.a(physbusif.o)
 .text.__issue_bulkread.part.0
                0x80014888       0x80 /opt/devkitpro/libogc/lib/wii/libbte.a(physbusif.o)
 .text.__readbulkdataCB
                0x80014908      0x148 /opt/devkitpro/libogc/lib/wii/libbte.a(physbusif.o)
 .text.physbusif_init
                0x80014a50      0x1ec /opt/devkitpro/libogc/lib/wii/libbte.a(physbusif.o)
                0x80014a50                physbusif_init
 .text.physbusif_close
                0x80014c3c       0x20 /opt/devkitpro/libogc/lib/wii/libbte.a(physbusif.o)
                0x80014c3c                physbusif_close
 .text.physbusif_shutdown
                0x80014c5c       0x24 /opt/devkitpro/libogc/lib/wii/libbte.a(physbusif.o)
                0x80014c5c                physbusif_shutdown
 .text.physbusif_reset_all
                0x80014c80        0x4 /opt/devkitpro/libogc/lib/wii/libbte.a(physbusif.o)
                0x80014c80                physbusif_reset_all
 .text.physbusif_output
                0x80014c84      0x1c4 /opt/devkitpro/libogc/lib/wii/libbte.a(physbusif.o)
                0x80014c84                physbusif_output
 .text.__console_clear_line
                0x80014e48       0xb4 /opt/devkitpro/libogc/lib/wii/libogc.a(console.o)
 .text.__console_clear
                0x80014efc       0xbc /opt/devkitpro/libogc/lib/wii/libogc.a(console.o)
 .text.__console_write
                0x80014fb8      0x82c /opt/devkitpro/libogc/lib/wii/libogc.a(console.o)
                0x80014fb8                __console_write
 .text.__console_init
                0x800157e4      0x120 /opt/devkitpro/libogc/lib/wii/libogc.a(console.o)
                0x800157e4                __console_init
 .text.CON_Init
                0x80015904        0x4 /opt/devkitpro/libogc/lib/wii/libogc.a(console.o)
                0x80015904                CON_Init
 .text.CON_EnableGecko
                0x80015908      0x100 /opt/devkitpro/libogc/lib/wii/libogc.a(console.o)
                0x80015908                CON_EnableGecko
 .text.__lwp_queue_initialize
                0x80015a08       0x98 /opt/devkitpro/libogc/lib/wii/libogc.a(lwp_queue.o)
                0x80015a08                __lwp_queue_initialize
 .text.__lwp_queue_get
                0x80015aa0       0x74 /opt/devkitpro/libogc/lib/wii/libogc.a(lwp_queue.o)
                0x80015aa0                __lwp_queue_get
 .text.__lwp_queue_append
                0x80015b14       0x4c /opt/devkitpro/libogc/lib/wii/libogc.a(lwp_queue.o)
                0x80015b14                __lwp_queue_append
 .text.__syscall_getreent
                0x80015b60       0x24 /opt/devkitpro/libogc/lib/wii/libogc.a(lwp_threads.o)
                0x80015b60                __syscall_getreent
 .text.__lwp_isr_in_progress
                0x80015b84        0x8 /opt/devkitpro/libogc/lib/wii/libogc.a(lwp_threads.o)
                0x80015b84                __lwp_isr_in_progress
 .text.__thread_dispatch_fp
                0x80015b8c       0x88 /opt/devkitpro/libogc/lib/wii/libogc.a(lwp_threads.o)
                0x80015b8c                __thread_dispatch_fp
 .text.__thread_dispatch
                0x80015c14       0xf4 /opt/devkitpro/libogc/lib/wii/libogc.a(lwp_threads.o)
                0x80015c14                __thread_dispatch
 .text.__lwp_thread_resettimeslice
                0x80015d08       0xb4 /opt/devkitpro/libogc/lib/wii/libogc.a(lwp_threads.o)
                0x80015d08                __lwp_thread_resettimeslice
 .text.__lwp_thread_tickle_timeslice
                0x80015dbc       0xc8 /opt/devkitpro/libogc/lib/wii/libogc.a(lwp_threads.o)
                0x80015dbc                __lwp_thread_tickle_timeslice
 .text.__lwp_thread_setstate
                0x80015e84      0x16c /opt/devkitpro/libogc/lib/wii/libogc.a(lwp_threads.o)
                0x80015e84                __lwp_thread_setstate
 .text.__lwp_thread_clearstate
                0x80015ff0       0xe4 /opt/devkitpro/libogc/lib/wii/libogc.a(lwp_threads.o)
                0x80015ff0                __lwp_thread_clearstate
 .text.__lwp_thread_delayended
                0x800160d4       0x48 /opt/devkitpro/libogc/lib/wii/libogc.a(lwp_threads.o)
                0x800160d4                __lwp_thread_delayended
 .text.__lwp_thread_settransient
                0x8001611c       0xb4 /opt/devkitpro/libogc/lib/wii/libogc.a(lwp_threads.o)
                0x8001611c                __lwp_thread_settransient
 .text.__lwp_thread_changepriority
                0x800161d0      0x1f8 /opt/devkitpro/libogc/lib/wii/libogc.a(lwp_threads.o)
                0x800161d0                __lwp_thread_changepriority
 .text.__lwp_thread_ready
                0x800163c8       0xf0 /opt/devkitpro/libogc/lib/wii/libogc.a(lwp_threads.o)
                0x800163c8                __lwp_thread_ready
 .text.__lwp_thread_init
                0x800164b8      0x160 /opt/devkitpro/libogc/lib/wii/libogc.a(lwp_threads.o)
                0x800164b8                __lwp_thread_init
 .text.__lwp_thread_close
                0x80016618      0x144 /opt/devkitpro/libogc/lib/wii/libogc.a(lwp_threads.o)
                0x80016618                __lwp_thread_close
 .text.__lwp_thread_handler
                0x8001675c       0xc0 /opt/devkitpro/libogc/lib/wii/libogc.a(lwp_threads.o)
 .text.__lwp_thread_closeall
                0x8001681c       0xb0 /opt/devkitpro/libogc/lib/wii/libogc.a(lwp_threads.o)
                0x8001681c                __lwp_thread_closeall
 .text.__lwp_thread_start
                0x800168cc      0x150 /opt/devkitpro/libogc/lib/wii/libogc.a(lwp_threads.o)
                0x800168cc                __lwp_thread_start
 .text.__lwp_thread_startmultitasking
                0x80016a1c       0xac /opt/devkitpro/libogc/lib/wii/libogc.a(lwp_threads.o)
                0x80016a1c                __lwp_thread_startmultitasking
 .text.__lwp_thread_stopmultitasking
                0x80016ac8       0x58 /opt/devkitpro/libogc/lib/wii/libogc.a(lwp_threads.o)
                0x80016ac8                __lwp_thread_stopmultitasking
 .text.__lwp_thread_coreinit
                0x80016b20       0xc4 /opt/devkitpro/libogc/lib/wii/libogc.a(lwp_threads.o)
                0x80016b20                __lwp_thread_coreinit
 .text.idle_func
                0x80016be4        0x4 /opt/devkitpro/libogc/lib/wii/libogc.a(lwp.o)
 .text.__lwp_sysinit
                0x80016be8      0x114 /opt/devkitpro/libogc/lib/wii/libogc.a(lwp.o)
                0x80016be8                __lwp_sysinit
 .text.LWP_InitQueue
                0x80016cfc      0x140 /opt/devkitpro/libogc/lib/wii/libogc.a(lwp.o)
                0x80016cfc                LWP_InitQueue
 .text.LWP_CloseQueue
                0x80016e3c       0xd4 /opt/devkitpro/libogc/lib/wii/libogc.a(lwp.o)
                0x80016e3c                LWP_CloseQueue
 .text.LWP_ThreadSleep
                0x80016f10       0xf8 /opt/devkitpro/libogc/lib/wii/libogc.a(lwp.o)
                0x80016f10                LWP_ThreadSleep
 .text.LWP_ThreadBroadcast
                0x80017008       0x88 /opt/devkitpro/libogc/lib/wii/libogc.a(lwp.o)
                0x80017008                LWP_ThreadBroadcast
 .text.LWP_ThreadSignal
                0x80017090       0x74 /opt/devkitpro/libogc/lib/wii/libogc.a(lwp.o)
                0x80017090                LWP_ThreadSignal
 .text.__lwp_stack_allocate
                0x80017104       0x60 /opt/devkitpro/libogc/lib/wii/libogc.a(lwp_stack.o)
                0x80017104                __lwp_stack_allocate
 .text.__lwp_stack_free
                0x80017164       0x1c /opt/devkitpro/libogc/lib/wii/libogc.a(lwp_stack.o)
                0x80017164                __lwp_stack_free
 .text.__lwp_wd_settimer
                0x80017180       0xe0 /opt/devkitpro/libogc/lib/wii/libogc.a(lwp_watchdog.o)
 .text.__lwp_watchdog_init
                0x80017260       0x2c /opt/devkitpro/libogc/lib/wii/libogc.a(lwp_watchdog.o)
                0x80017260                __lwp_watchdog_init
 .text.__lwp_wd_insert
                0x8001728c      0x194 /opt/devkitpro/libogc/lib/wii/libogc.a(lwp_watchdog.o)
                0x8001728c                __lwp_wd_insert
 .text.__lwp_wd_remove
                0x80017420      0x138 /opt/devkitpro/libogc/lib/wii/libogc.a(lwp_watchdog.o)
                0x80017420                __lwp_wd_remove
 .text.__lwp_wd_tickle
                0x80017558      0x120 /opt/devkitpro/libogc/lib/wii/libogc.a(lwp_watchdog.o)
                0x80017558                __lwp_wd_tickle
 .text.__lwp_wkspace_init
                0x80017678       0xc0 /opt/devkitpro/libogc/lib/wii/libogc.a(lwp_wkspace.o)
                0x80017678                __lwp_wkspace_init
 .text.__lwp_objmgr_initinfo
                0x80017738      0x1a0 /opt/devkitpro/libogc/lib/wii/libogc.a(lwp_objmgr.o)
                0x80017738                __lwp_objmgr_initinfo
 .text.__lwp_objmgr_getisrdisable
                0x800178d8       0x60 /opt/devkitpro/libogc/lib/wii/libogc.a(lwp_objmgr.o)
                0x800178d8                __lwp_objmgr_getisrdisable
 .text.__lwp_objmgr_getnoprotection
                0x80017938       0x24 /opt/devkitpro/libogc/lib/wii/libogc.a(lwp_objmgr.o)
                0x80017938                __lwp_objmgr_getnoprotection
 .text.__lwp_objmgr_get
                0x8001795c       0x6c /opt/devkitpro/libogc/lib/wii/libogc.a(lwp_objmgr.o)
                0x8001795c                __lwp_objmgr_get
 .text.__lwp_objmgr_allocate
                0x800179c8       0x88 /opt/devkitpro/libogc/lib/wii/libogc.a(lwp_objmgr.o)
                0x800179c8                __lwp_objmgr_allocate
 .text.__lwp_objmgr_free
                0x80017a50       0x60 /opt/devkitpro/libogc/lib/wii/libogc.a(lwp_objmgr.o)
                0x80017a50                __lwp_objmgr_free
 .text.__lwp_heap_init
                0x80017ab0       0xa4 /opt/devkitpro/libogc/lib/wii/libogc.a(lwp_heap.o)
                0x80017ab0                __lwp_heap_init
 .text.__lwp_heap_allocate
                0x80017b54      0x160 /opt/devkitpro/libogc/lib/wii/libogc.a(lwp_heap.o)
                0x80017b54                __lwp_heap_allocate
 .text.__lwp_heap_free
                0x80017cb4      0x188 /opt/devkitpro/libogc/lib/wii/libogc.a(lwp_heap.o)
                0x80017cb4                __lwp_heap_free
 .text.__SetInterrupts
                0x80017e3c      0x268 /opt/devkitpro/libogc/lib/wii/libogc.a(irq.o)
 .text.c_irqdispatcher
                0x800180a4      0x278 /opt/devkitpro/libogc/lib/wii/libogc.a(irq.o)
                0x800180a4                c_irqdispatcher
 .text.__UnmaskIrq
                0x8001831c       0x84 /opt/devkitpro/libogc/lib/wii/libogc.a(irq.o)
                0x8001831c                __UnmaskIrq
 .text.__MaskIrq
                0x800183a0       0x84 /opt/devkitpro/libogc/lib/wii/libogc.a(irq.o)
                0x800183a0                __MaskIrq
 .text.__irq_init
                0x80018424       0x84 /opt/devkitpro/libogc/lib/wii/libogc.a(irq.o)
                0x80018424                __irq_init
 .text.IRQ_Request
                0x800184a8       0x50 /opt/devkitpro/libogc/lib/wii/libogc.a(irq.o)
                0x800184a8                IRQ_Request
 .text.IRQ_GetHandler
                0x800184f8       0x44 /opt/devkitpro/libogc/lib/wii/libogc.a(irq.o)
                0x800184f8                IRQ_GetHandler
 .text.IRQ_Disable
                0x8001853c       0x1c /opt/devkitpro/libogc/lib/wii/libogc.a(irq.o)
                0x8001853c                IRQ_Disable
 .text.IRQ_Restore
                0x80018558       0x1c /opt/devkitpro/libogc/lib/wii/libogc.a(irq.o)
                0x80018558                IRQ_Restore
 .text.__VISendI2CData.constprop.0.isra.0
                0x80018574      0x450 /opt/devkitpro/libogc/lib/wii/libogc.a(video.o)
 .text.__setFbbRegs.constprop.0
                0x800189c4      0x190 /opt/devkitpro/libogc/lib/wii/libogc.a(video.o)
 .text.__VISetYUVSEL
                0x80018b54       0xb8 /opt/devkitpro/libogc/lib/wii/libogc.a(video.o)
 .text.VIDEO_Configure
                0x80018c0c      0x5ec /opt/devkitpro/libogc/lib/wii/libogc.a(video.o)
                0x80018c0c                VIDEO_Configure
 .text.VIDEO_WaitVSync
                0x800191f8       0x74 /opt/devkitpro/libogc/lib/wii/libogc.a(video.o)
                0x800191f8                VIDEO_WaitVSync
 .text.VIDEO_SetFramebuffer
                0x8001926c      0x108 /opt/devkitpro/libogc/lib/wii/libogc.a(video.o)
                0x8001926c                VIDEO_SetFramebuffer
 .text.VIDEO_SetNextFramebuffer
                0x80019374       0x70 /opt/devkitpro/libogc/lib/wii/libogc.a(video.o)
                0x80019374                VIDEO_SetNextFramebuffer
 .text.VIDEO_Flush
                0x800193e4       0xf4 /opt/devkitpro/libogc/lib/wii/libogc.a(video.o)
                0x800193e4                VIDEO_Flush
 .text.VIDEO_SetBlack
                0x800194d8      0x15c /opt/devkitpro/libogc/lib/wii/libogc.a(video.o)
                0x800194d8                VIDEO_SetBlack
 .text.VIDEO_GetCurrentTvMode
                0x80019634       0x78 /opt/devkitpro/libogc/lib/wii/libogc.a(video.o)
                0x80019634                VIDEO_GetCurrentTvMode
 .text.__VIRetraceHandler
                0x800196ac      0x298 /opt/devkitpro/libogc/lib/wii/libogc.a(video.o)
 .text.__VISetupEncoder
                0x80019944      0x2cc /opt/devkitpro/libogc/lib/wii/libogc.a(video.o)
 .text.VIDEO_Init
                0x80019c10      0x4e4 /opt/devkitpro/libogc/lib/wii/libogc.a(video.o)
                0x80019c10                VIDEO_Init
 .text.VIDEO_GetPreferredMode
                0x8001a0f4      0x108 /opt/devkitpro/libogc/lib/wii/libogc.a(video.o)
                0x8001a0f4                VIDEO_GetPreferredMode
 .text.VIDEO_GetCurrentLine
                0x8001a1fc       0x9c /opt/devkitpro/libogc/lib/wii/libogc.a(video.o)
                0x8001a1fc                VIDEO_GetCurrentLine
 .text.VIDEO_GetFrameBufferSize
                0x8001a298       0x34 /opt/devkitpro/libogc/lib/wii/libogc.a(video.o)
                0x8001a298                VIDEO_GetFrameBufferSize
 .text.SPEC1_MakeStatus
                0x8001a2cc      0x104 /opt/devkitpro/libogc/lib/wii/libogc.a(pad.o)
 .text.__pad_samplinghandler
                0x8001a3d0        0x4 /opt/devkitpro/libogc/lib/wii/libogc.a(pad.o)
 .text.__pad_doreset
                0x8001a3d4       0x50 /opt/devkitpro/libogc/lib/wii/libogc.a(pad.o)
 .text.__pad_updateorigin
                0x8001a424       0xa4 /opt/devkitpro/libogc/lib/wii/libogc.a(pad.o)
 .text.__pad_disable
                0x8001a4c8       0xbc /opt/devkitpro/libogc/lib/wii/libogc.a(pad.o)
 .text.__pad_receivecheckcallback
                0x8001a584       0x84 /opt/devkitpro/libogc/lib/wii/libogc.a(pad.o)
 .text.__pad_typeandstatuscallback
                0x8001a608      0x1ac /opt/devkitpro/libogc/lib/wii/libogc.a(pad.o)
 .text.__pad_originupdatecallback
                0x8001a7b4       0x2c /opt/devkitpro/libogc/lib/wii/libogc.a(pad.o)
 .text.__pad_onreset
                0x8001a7e0      0x108 /opt/devkitpro/libogc/lib/wii/libogc.a(pad.o)
 .text.SPEC2_MakeStatus
                0x8001a8e8      0x214 /opt/devkitpro/libogc/lib/wii/libogc.a(pad.o)
 .text.__pad_origincallback
                0x8001aafc       0x74 /opt/devkitpro/libogc/lib/wii/libogc.a(pad.o)
 .text.__pad_probecallback
                0x8001ab70       0x88 /opt/devkitpro/libogc/lib/wii/libogc.a(pad.o)
 .text.__PADDisableRecalibration
                0x8001abf8       0x64 /opt/devkitpro/libogc/lib/wii/libogc.a(pad.o)
                0x8001abf8                __PADDisableRecalibration
 .text.PAD_Reset
                0x8001ac5c       0xf0 /opt/devkitpro/libogc/lib/wii/libogc.a(pad.o)
                0x8001ac5c                PAD_Reset
 .text.PAD_Read
                0x8001ad4c      0x2d4 /opt/devkitpro/libogc/lib/wii/libogc.a(pad.o)
                0x8001ad4c                PAD_Read
 .text.PAD_Init
                0x8001b020       0xf8 /opt/devkitpro/libogc/lib/wii/libogc.a(pad.o)
                0x8001b020                PAD_Init
 .text.PAD_ScanPads
                0x8001b118      0x15c /opt/devkitpro/libogc/lib/wii/libogc.a(pad.o)
                0x8001b118                PAD_ScanPads
 .text.PAD_ButtonsDown
                0x8001b274       0x40 /opt/devkitpro/libogc/lib/wii/libogc.a(pad.o)
                0x8001b274                PAD_ButtonsDown
 .text.__call_resetfuncs
                0x8001b2b4       0xbc /opt/devkitpro/libogc/lib/wii/libogc.a(system.o)
 .text.__MEMInterruptHandler
                0x8001b370       0x14 /opt/devkitpro/libogc/lib/wii/libogc.a(system.o)
 .text.__RSWDefaultHandler
                0x8001b384        0x4 /opt/devkitpro/libogc/lib/wii/libogc.a(system.o)
 .text.__POWDefaultHandler
                0x8001b388        0x4 /opt/devkitpro/libogc/lib/wii/libogc.a(system.o)
 .text.__STMEventHandler
                0x8001b38c      0x104 /opt/devkitpro/libogc/lib/wii/libogc.a(system.o)
 .text.__getrtc
                0x8001b490      0x13c /opt/devkitpro/libogc/lib/wii/libogc.a(system.o)
 .text.__sram_write
                0x8001b5cc      0x130 /opt/devkitpro/libogc/lib/wii/libogc.a(system.o)
 .text.__sram_writecallback
                0x8001b6fc       0x54 /opt/devkitpro/libogc/lib/wii/libogc.a(system.o)
 .text.__mem_onreset
                0x8001b750       0x48 /opt/devkitpro/libogc/lib/wii/libogc.a(system.o)
 .text.__unlocksram
                0x8001b798      0x174 /opt/devkitpro/libogc/lib/wii/libogc.a(system.o)
 .text.__sys_alarmhandler
                0x8001b90c      0x154 /opt/devkitpro/libogc/lib/wii/libogc.a(system.o)
 .text.__syscall_malloc_lock
                0x8001ba60        0x4 /opt/devkitpro/libogc/lib/wii/libogc.a(system.o)
                0x8001ba60                __syscall_malloc_lock
 .text.__syscall_malloc_unlock
                0x8001ba64        0x4 /opt/devkitpro/libogc/lib/wii/libogc.a(system.o)
                0x8001ba64                __syscall_malloc_unlock
 .text.__syscall_nanosleep
                0x8001ba68        0x4 /opt/devkitpro/libogc/lib/wii/libogc.a(system.o)
                0x8001ba68                __syscall_nanosleep
 .text.__SYS_GetRTC
                0x8001ba6c       0xa0 /opt/devkitpro/libogc/lib/wii/libogc.a(system.o)
                0x8001ba6c                __SYS_GetRTC
 .text.__SYS_SetBootTime
                0x8001bb0c      0x108 /opt/devkitpro/libogc/lib/wii/libogc.a(system.o)
                0x8001bb0c                __SYS_SetBootTime
 .text.__SYS_GetIPCBufferLo
                0x8001bc14        0x8 /opt/devkitpro/libogc/lib/wii/libogc.a(system.o)
                0x8001bc14                __SYS_GetIPCBufferLo
 .text.__SYS_GetIPCBufferHi
                0x8001bc1c        0x8 /opt/devkitpro/libogc/lib/wii/libogc.a(system.o)
                0x8001bc1c                __SYS_GetIPCBufferHi
 .text.__SYS_DoPowerCB
                0x8001bc24       0x74 /opt/devkitpro/libogc/lib/wii/libogc.a(system.o)
                0x8001bc24                __SYS_DoPowerCB
 .text.__SYS_PreInit
                0x8001bc98        0x4 /opt/devkitpro/libogc/lib/wii/libogc.a(system.o)
                0x8001bc98                __SYS_PreInit
 .text.SYS_PreMain
                0x8001bc9c       0x7c /opt/devkitpro/libogc/lib/wii/libogc.a(system.o)
                0x8001bc9c                SYS_PreMain
 .text.SYS_ResetButtonDown
                0x8001bd18       0x18 /opt/devkitpro/libogc/lib/wii/libogc.a(system.o)
                0x8001bd18                SYS_ResetButtonDown
 .text.SYS_ResetSystem
                0x8001bd30      0x210 /opt/devkitpro/libogc/lib/wii/libogc.a(system.o)
                0x8001bd30                SYS_ResetSystem
 .text.__reload
                0x8001bf40       0x80 /opt/devkitpro/libogc/lib/wii/libogc.a(system.o)
                0x8001bf40                __reload
 .text.__syscall_exit
                0x8001bfc0       0x88 /opt/devkitpro/libogc/lib/wii/libogc.a(system.o)
                0x8001bfc0                __syscall_exit
 .text.SYS_RegisterResetFunc
                0x8001c048       0x78 /opt/devkitpro/libogc/lib/wii/libogc.a(system.o)
                0x8001c048                SYS_RegisterResetFunc
 .text.SYS_SetArena1Lo
                0x8001c0c0       0x38 /opt/devkitpro/libogc/lib/wii/libogc.a(system.o)
                0x8001c0c0                SYS_SetArena1Lo
 .text.SYS_GetArena1Lo
                0x8001c0f8       0x38 /opt/devkitpro/libogc/lib/wii/libogc.a(system.o)
                0x8001c0f8                SYS_GetArena1Lo
 .text.SYS_GetArena1Hi
                0x8001c130       0x38 /opt/devkitpro/libogc/lib/wii/libogc.a(system.o)
                0x8001c130                SYS_GetArena1Hi
 .text.SYS_SetArena2Lo
                0x8001c168       0x38 /opt/devkitpro/libogc/lib/wii/libogc.a(system.o)
                0x8001c168                SYS_SetArena2Lo
 .text.SYS_GetArena2Lo
                0x8001c1a0       0x38 /opt/devkitpro/libogc/lib/wii/libogc.a(system.o)
                0x8001c1a0                SYS_GetArena2Lo
 .text.SYS_SetArena2Hi
                0x8001c1d8       0x38 /opt/devkitpro/libogc/lib/wii/libogc.a(system.o)
                0x8001c1d8                SYS_SetArena2Hi
 .text.SYS_GetArena2Hi
                0x8001c210       0x38 /opt/devkitpro/libogc/lib/wii/libogc.a(system.o)
                0x8001c210                SYS_GetArena2Hi
 .text.SYS_AllocateFramebuffer
                0x8001c248       0x28 /opt/devkitpro/libogc/lib/wii/libogc.a(system.o)
                0x8001c248                SYS_AllocateFramebuffer
 .text.SYS_CreateAlarm
                0x8001c270       0xf0 /opt/devkitpro/libogc/lib/wii/libogc.a(system.o)
                0x8001c270                SYS_CreateAlarm
 .text.SYS_SetAlarm
                0x8001c360      0x1e0 /opt/devkitpro/libogc/lib/wii/libogc.a(system.o)
                0x8001c360                SYS_SetAlarm
 .text.SYS_SetPeriodicAlarm
                0x8001c540      0x270 /opt/devkitpro/libogc/lib/wii/libogc.a(system.o)
                0x8001c540                SYS_SetPeriodicAlarm
 .text.SYS_RemoveAlarm
                0x8001c7b0      0x10c /opt/devkitpro/libogc/lib/wii/libogc.a(system.o)
                0x8001c7b0                SYS_RemoveAlarm
 .text.SYS_CancelAlarm
                0x8001c8bc       0xbc /opt/devkitpro/libogc/lib/wii/libogc.a(system.o)
                0x8001c8bc                SYS_CancelAlarm
 .text.SYS_GetWirelessID
                0x8001c978       0x94 /opt/devkitpro/libogc/lib/wii/libogc.a(system.o)
                0x8001c978                SYS_GetWirelessID
 .text.SYS_SetWirelessID
                0x8001ca0c       0x90 /opt/devkitpro/libogc/lib/wii/libogc.a(system.o)
                0x8001ca0c                SYS_SetWirelessID
 .text.SYS_SetGBSMode
                0x8001ca9c       0xa8 /opt/devkitpro/libogc/lib/wii/libogc.a(system.o)
                0x8001ca9c                SYS_SetGBSMode
 .text.__sram_init
                0x8001cb44      0x1b8 /opt/devkitpro/libogc/lib/wii/libogc.a(system.o)
                0x8001cb44                __sram_init
 .text.SYS_Init
                0x8001ccfc      0x5e8 /opt/devkitpro/libogc/lib/wii/libogc.a(system.o)
                0x8001ccfc                SYS_Init
 .text.SYS_GetHollywoodRevision
                0x8001d2e4       0x3c /opt/devkitpro/libogc/lib/wii/libogc.a(system.o)
                0x8001d2e4                SYS_GetHollywoodRevision
 .text.SYS_Time
                0x8001d320       0x78 /opt/devkitpro/libogc/lib/wii/libogc.a(system.o)
                0x8001d320                SYS_Time
 .text.__lwp_cond_init
                0x8001d398       0x14 /opt/devkitpro/libogc/lib/wii/libogc.a(cond.o)
                0x8001d398                __lwp_cond_init
 .text.__decrementer_init
                0x8001d3ac        0x4 /opt/devkitpro/libogc/lib/wii/libogc.a(decrementer.o)
                0x8001d3ac                __decrementer_init
 .text.c_decrementer_handler
                0x8001d3b0        0xc /opt/devkitpro/libogc/lib/wii/libogc.a(decrementer.o)
                0x8001d3b0                c_decrementer_handler
 .text.__lwp_mqbox_init
                0x8001d3bc       0x14 /opt/devkitpro/libogc/lib/wii/libogc.a(message.o)
                0x8001d3bc                __lwp_mqbox_init
 .text.__si_transfer
                0x8001d3d0      0x1a4 /opt/devkitpro/libogc/lib/wii/libogc.a(si.o)
 .text.__si_alarmhandler
                0x8001d574       0xdc /opt/devkitpro/libogc/lib/wii/libogc.a(si.o)
 .text.__si_completetransfer
                0x8001d650      0x1fc /opt/devkitpro/libogc/lib/wii/libogc.a(si.o)
 .text.__si_transfernext
                0x8001d84c       0xe0 /opt/devkitpro/libogc/lib/wii/libogc.a(si.o)
 .text.SI_Busy  0x8001d92c       0x18 /opt/devkitpro/libogc/lib/wii/libogc.a(si.o)
                0x8001d92c                SI_Busy
 .text.SI_IsChanBusy
                0x8001d944       0x38 /opt/devkitpro/libogc/lib/wii/libogc.a(si.o)
                0x8001d944                SI_IsChanBusy
 .text.SI_SetXY
                0x8001d97c       0x64 /opt/devkitpro/libogc/lib/wii/libogc.a(si.o)
                0x8001d97c                SI_SetXY
 .text.SI_EnablePolling
                0x8001d9e0       0x80 /opt/devkitpro/libogc/lib/wii/libogc.a(si.o)
                0x8001d9e0                SI_EnablePolling
 .text.SI_DisablePolling
                0x8001da60       0x58 /opt/devkitpro/libogc/lib/wii/libogc.a(si.o)
                0x8001da60                SI_DisablePolling
 .text.SI_SetSamplingRate
                0x8001dab8       0xd8 /opt/devkitpro/libogc/lib/wii/libogc.a(si.o)
                0x8001dab8                SI_SetSamplingRate
 .text.SI_RefreshSamplingRate
                0x8001db90        0x8 /opt/devkitpro/libogc/lib/wii/libogc.a(si.o)
                0x8001db90                SI_RefreshSamplingRate
 .text.SI_GetStatus
                0x8001db98       0x78 /opt/devkitpro/libogc/lib/wii/libogc.a(si.o)
                0x8001db98                SI_GetStatus
 .text.SI_GetResponseRaw
                0x8001dc10       0xe8 /opt/devkitpro/libogc/lib/wii/libogc.a(si.o)
                0x8001dc10                SI_GetResponseRaw
 .text.SI_GetResponse
                0x8001dcf8       0xb8 /opt/devkitpro/libogc/lib/wii/libogc.a(si.o)
                0x8001dcf8                SI_GetResponse
 .text.SI_SetCommand
                0x8001ddb0       0x10 /opt/devkitpro/libogc/lib/wii/libogc.a(si.o)
                0x8001ddb0                SI_SetCommand
 .text.SI_Transfer
                0x8001ddc0      0x26c /opt/devkitpro/libogc/lib/wii/libogc.a(si.o)
                0x8001ddc0                SI_Transfer
 .text.__si_gettypecallback
                0x8001e02c      0x2c0 /opt/devkitpro/libogc/lib/wii/libogc.a(si.o)
 .text.__si_interrupthandler
                0x8001e2ec      0x268 /opt/devkitpro/libogc/lib/wii/libogc.a(si.o)
 .text.SI_GetType
                0x8001e554      0x1f4 /opt/devkitpro/libogc/lib/wii/libogc.a(si.o)
                0x8001e554                SI_GetType
 .text.SI_GetTypeAsync
                0x8001e748      0x138 /opt/devkitpro/libogc/lib/wii/libogc.a(si.o)
                0x8001e748                SI_GetTypeAsync
 .text.SI_EnablePollingInterrupt
                0x8001e880       0x8c /opt/devkitpro/libogc/lib/wii/libogc.a(si.o)
                0x8001e880                SI_EnablePollingInterrupt
 .text.SI_UnregisterPollingHandler
                0x8001e90c       0xe0 /opt/devkitpro/libogc/lib/wii/libogc.a(si.o)
                0x8001e90c                SI_UnregisterPollingHandler
 .text.__si_init
                0x8001e9ec       0xe8 /opt/devkitpro/libogc/lib/wii/libogc.a(si.o)
                0x8001e9ec                __si_init
 .text.__ipc_sendrequest
                0x8001ead4      0x104 /opt/devkitpro/libogc/lib/wii/libogc.a(ipc.o)
 .text.__ipc_syncrequest
                0x8001ebd8       0xe4 /opt/devkitpro/libogc/lib/wii/libogc.a(ipc.o)
 .text.__ioctlvfmtCB
                0x8001ecbc      0x158 /opt/devkitpro/libogc/lib/wii/libogc.a(ipc.o)
 .text.__ios_ioctlvformat_parse
                0x8001ee14      0x820 /opt/devkitpro/libogc/lib/wii/libogc.a(ipc.o)
 .text.__ipc_asyncrequest
                0x8001f634      0x13c /opt/devkitpro/libogc/lib/wii/libogc.a(ipc.o)
 .text.__ipc_interrupthandler
                0x8001f770      0x34c /opt/devkitpro/libogc/lib/wii/libogc.a(ipc.o)
 .text.iosCreateHeap
                0x8001fabc      0x130 /opt/devkitpro/libogc/lib/wii/libogc.a(ipc.o)
                0x8001fabc                iosCreateHeap
 .text.iosAlloc
                0x8001fbec       0x30 /opt/devkitpro/libogc/lib/wii/libogc.a(ipc.o)
                0x8001fbec                iosAlloc
 .text.iosFree  0x8001fc1c       0x28 /opt/devkitpro/libogc/lib/wii/libogc.a(ipc.o)
                0x8001fc1c                iosFree
 .text.__IPC_ClntInit
                0x8001fc44       0xc8 /opt/devkitpro/libogc/lib/wii/libogc.a(ipc.o)
                0x8001fc44                __IPC_ClntInit
 .text.IOS_Open
                0x8001fd0c      0x110 /opt/devkitpro/libogc/lib/wii/libogc.a(ipc.o)
                0x8001fd0c                IOS_Open
 .text.IOS_Close
                0x8001fe1c       0xf0 /opt/devkitpro/libogc/lib/wii/libogc.a(ipc.o)
                0x8001fe1c                IOS_Close
 .text.IOS_CloseAsync
                0x8001ff0c       0xb4 /opt/devkitpro/libogc/lib/wii/libogc.a(ipc.o)
                0x8001ff0c                IOS_CloseAsync
 .text.IOS_Read
                0x8001ffc0      0x10c /opt/devkitpro/libogc/lib/wii/libogc.a(ipc.o)
                0x8001ffc0                IOS_Read
 .text.IOS_Write
                0x800200cc      0x10c /opt/devkitpro/libogc/lib/wii/libogc.a(ipc.o)
                0x800200cc                IOS_Write
 .text.IOS_Ioctl
                0x800201d8      0x158 /opt/devkitpro/libogc/lib/wii/libogc.a(ipc.o)
                0x800201d8                IOS_Ioctl
 .text.IOS_IoctlAsync
                0x80020330      0x148 /opt/devkitpro/libogc/lib/wii/libogc.a(ipc.o)
                0x80020330                IOS_IoctlAsync
 .text.IOS_Ioctlv
                0x80020478      0x1f0 /opt/devkitpro/libogc/lib/wii/libogc.a(ipc.o)
                0x80020478                IOS_Ioctlv
 .text.IOS_IoctlvAsync
                0x80020668      0x1d4 /opt/devkitpro/libogc/lib/wii/libogc.a(ipc.o)
                0x80020668                IOS_IoctlvAsync
 .text.IOS_IoctlvFormat
                0x8002083c      0x16c /opt/devkitpro/libogc/lib/wii/libogc.a(ipc.o)
                0x8002083c                IOS_IoctlvFormat
 .text.IOS_IoctlvReboot
                0x800209a8      0x1f4 /opt/devkitpro/libogc/lib/wii/libogc.a(ipc.o)
                0x800209a8                IOS_IoctlvReboot
 .text.gettick  0x80020b9c        0x8 /opt/devkitpro/libogc/lib/wii/libogc.a(timesupp.o)
                0x80020b9c                gettick
 .text.gettime  0x80020ba4       0x18 /opt/devkitpro/libogc/lib/wii/libogc.a(timesupp.o)
                0x80020ba4                gettime
 .text.settime  0x80020bbc       0x14 /opt/devkitpro/libogc/lib/wii/libogc.a(timesupp.o)
                0x80020bbc                settime
 .text.diff_usec
                0x80020bd0       0x88 /opt/devkitpro/libogc/lib/wii/libogc.a(timesupp.o)
                0x80020bd0                diff_usec
 .text.__timesystem_init
                0x80020c58       0x1c /opt/devkitpro/libogc/lib/wii/libogc.a(timesupp.o)
                0x80020c58                __timesystem_init
 .text.udelay   0x80020c74       0xac /opt/devkitpro/libogc/lib/wii/libogc.a(timesupp.o)
                0x80020c74                udelay
 .text.__libogc_nanosleep
                0x80020d20      0x144 /opt/devkitpro/libogc/lib/wii/libogc.a(timesupp.o)
                0x80020d20                __libogc_nanosleep
 .text.__syscall_lock_init
                0x80020e64       0x6c /opt/devkitpro/libogc/lib/wii/libogc.a(lock_supp.o)
                0x80020e64                __syscall_lock_init
 .text.__syscall_lock_init_recursive
                0x80020ed0       0x6c /opt/devkitpro/libogc/lib/wii/libogc.a(lock_supp.o)
                0x80020ed0                __syscall_lock_init_recursive
 .text.__syscall_lock_close
                0x80020f3c       0x68 /opt/devkitpro/libogc/lib/wii/libogc.a(lock_supp.o)
                0x80020f3c                __syscall_lock_close
 .text.__syscall_lock_acquire
                0x80020fa4       0x18 /opt/devkitpro/libogc/lib/wii/libogc.a(lock_supp.o)
                0x80020fa4                __syscall_lock_acquire
 .text.__syscall_lock_release
                0x80020fbc       0x18 /opt/devkitpro/libogc/lib/wii/libogc.a(lock_supp.o)
                0x80020fbc                __syscall_lock_release
 .text.__usbgecko_exi_unlock
                0x80020fd4       0x34 /opt/devkitpro/libogc/lib/wii/libogc.a(usbgecko.o)
 .text.usb_isgeckoalive
                0x80021008      0x1bc /opt/devkitpro/libogc/lib/wii/libogc.a(usbgecko.o)
                0x80021008                usb_isgeckoalive
 .text.usb_sendbuffer_ex
                0x800211c4      0x214 /opt/devkitpro/libogc/lib/wii/libogc.a(usbgecko.o)
                0x800211c4                usb_sendbuffer_ex
 .text.usb_sendbuffer
                0x800213d8        0x8 /opt/devkitpro/libogc/lib/wii/libogc.a(usbgecko.o)
                0x800213d8                usb_sendbuffer
 .text.usb_sendbuffer_safe_ex
                0x800213e0      0x2a8 /opt/devkitpro/libogc/lib/wii/libogc.a(usbgecko.o)
                0x800213e0                usb_sendbuffer_safe_ex
 .text.usb_sendbuffer_safe
                0x80021688        0x8 /opt/devkitpro/libogc/lib/wii/libogc.a(usbgecko.o)
                0x80021688                usb_sendbuffer_safe
 .text._sbrk_r  0x80021690      0x28c /opt/devkitpro/libogc/lib/wii/libogc.a(sbrk.o)
                0x80021690                _sbrk_r
 .text.__memlock_init
                0x8002191c       0x7c /opt/devkitpro/libogc/lib/wii/libogc.a(malloc_lock.o)
                0x8002191c                __memlock_init
 .text.__libogc_malloc_lock
                0x80021998      0x1fc /opt/devkitpro/libogc/lib/wii/libogc.a(malloc_lock.o)
                0x80021998                __libogc_malloc_lock
 .text.__libogc_malloc_unlock
                0x80021b94       0x64 /opt/devkitpro/libogc/lib/wii/libogc.a(malloc_lock.o)
                0x80021b94                __libogc_malloc_unlock
 .text.__STM_SetEventHook
                0x80021bf8       0xb0 /opt/devkitpro/libogc/lib/wii/libogc.a(stm.o)
                0x80021bf8                __STM_SetEventHook
 .text.__STM_Init
                0x80021ca8       0x8c /opt/devkitpro/libogc/lib/wii/libogc.a(stm.o)
                0x80021ca8                __STM_Init
 .text.__STMEventHandler
                0x80021d34       0x64 /opt/devkitpro/libogc/lib/wii/libogc.a(stm.o)
 .text.__STM_ReleaseEventHook
                0x80021d98       0x80 /opt/devkitpro/libogc/lib/wii/libogc.a(stm.o)
                0x80021d98                __STM_ReleaseEventHook
 .text.__STM_Close
                0x80021e18       0xac /opt/devkitpro/libogc/lib/wii/libogc.a(stm.o)
                0x80021e18                __STM_Close
 .text.STM_RegisterEventHandler
                0x80021ec4       0x10 /opt/devkitpro/libogc/lib/wii/libogc.a(stm.o)
                0x80021ec4                STM_RegisterEventHandler
 .text.STM_ShutdownToStandby
                0x80021ed4       0x50 /opt/devkitpro/libogc/lib/wii/libogc.a(stm.o)
                0x80021ed4                STM_ShutdownToStandby
 .text.STM_ShutdownToIdle
                0x80021f24       0x70 /opt/devkitpro/libogc/lib/wii/libogc.a(stm.o)
                0x80021f24                STM_ShutdownToIdle
 .text.STM_SetLedMode
                0x80021f94       0x40 /opt/devkitpro/libogc/lib/wii/libogc.a(stm.o)
                0x80021f94                STM_SetLedMode
 .text.STM_RebootSystem
                0x80021fd4       0x50 /opt/devkitpro/libogc/lib/wii/libogc.a(stm.o)
                0x80021fd4                STM_RebootSystem
 .text.__IOS_InitializeSubsystems
                0x80022024       0x44 /opt/devkitpro/libogc/lib/wii/libogc.a(ios.o)
                0x80022024                __IOS_InitializeSubsystems
 .text.__IOS_ShutdownSubsystems
                0x80022068       0x44 /opt/devkitpro/libogc/lib/wii/libogc.a(ios.o)
                0x80022068                __IOS_ShutdownSubsystems
 .text.__IOS_LoadStartupIOS
                0x800220ac        0x8 /opt/devkitpro/libogc/lib/wii/libogc.a(ios.o)
                0x800220ac                __IOS_LoadStartupIOS
 .text._ES_fstat_r
                0x800220b4      0x120 /opt/devkitpro/libogc/lib/wii/libogc.a(es.o)
 .text._ES_seek_r
                0x800221d4       0xdc /opt/devkitpro/libogc/lib/wii/libogc.a(es.o)
 .text._ES_close_r
                0x800222b0       0xac /opt/devkitpro/libogc/lib/wii/libogc.a(es.o)
 .text.__ES_Init
                0x8002235c       0x78 /opt/devkitpro/libogc/lib/wii/libogc.a(es.o)
                0x8002235c                __ES_Init
 .text.__ES_Close
                0x800223d4       0x54 /opt/devkitpro/libogc/lib/wii/libogc.a(es.o)
                0x800223d4                __ES_Close
 .text.ES_GetTitleID
                0x80022428       0x94 /opt/devkitpro/libogc/lib/wii/libogc.a(es.o)
                0x80022428                ES_GetTitleID
 .text.ES_LaunchTitle
                0x800224bc       0xa4 /opt/devkitpro/libogc/lib/wii/libogc.a(es.o)
                0x800224bc                ES_LaunchTitle
 .text.ES_GetNumTicketViews
                0x80022560       0x98 /opt/devkitpro/libogc/lib/wii/libogc.a(es.o)
                0x80022560                ES_GetNumTicketViews
 .text.ES_GetTicketViews
                0x800225f8       0x8c /opt/devkitpro/libogc/lib/wii/libogc.a(es.o)
                0x800225f8                ES_GetTicketViews
 .text.ES_GetStoredTMD
                0x80022684       0x90 /opt/devkitpro/libogc/lib/wii/libogc.a(es.o)
                0x80022684                ES_GetStoredTMD
 .text._ES_decodepath
                0x80022714      0x440 /opt/devkitpro/libogc/lib/wii/libogc.a(es.o)
 .text._ES_stat_r
                0x80022b54       0xf4 /opt/devkitpro/libogc/lib/wii/libogc.a(es.o)
 .text._ES_open_r
                0x80022c48      0x1d0 /opt/devkitpro/libogc/lib/wii/libogc.a(es.o)
 .text.ES_ReadContent
                0x80022e18       0x6c /opt/devkitpro/libogc/lib/wii/libogc.a(es.o)
                0x80022e18                ES_ReadContent
 .text._ES_read_r
                0x80022e84      0x17c /opt/devkitpro/libogc/lib/wii/libogc.a(es.o)
 .text.__usbv5_devicechangeCB
                0x80023000      0x180 /opt/devkitpro/libogc/lib/wii/libogc.a(usb.o)
 .text.__usbv5_attachfinishCB
                0x80023180       0xcc /opt/devkitpro/libogc/lib/wii/libogc.a(usb.o)
 .text.__usbv5_messageCB
                0x8002324c       0x5c /opt/devkitpro/libogc/lib/wii/libogc.a(usb.o)
 .text.__usbv0_messageCB
                0x800232a8       0xa8 /opt/devkitpro/libogc/lib/wii/libogc.a(usb.o)
 .text.__usb_control_message
                0x80023350      0x428 /opt/devkitpro/libogc/lib/wii/libogc.a(usb.o)
 .text.__usb_interrupt_bulk_message
                0x80023778      0x2c0 /opt/devkitpro/libogc/lib/wii/libogc.a(usb.o)
 .text.USB_FreeDescriptors.part.0
                0x80023a38       0xfc /opt/devkitpro/libogc/lib/wii/libogc.a(usb.o)
 .text.USB_GetDescriptors.part.0
                0x80023b34      0x674 /opt/devkitpro/libogc/lib/wii/libogc.a(usb.o)
 .text.USBV5_SuspendResume
                0x800241a8      0x138 /opt/devkitpro/libogc/lib/wii/libogc.a(usb.o)
 .text.USBV5_GetDescriptors
                0x800242e0      0x518 /opt/devkitpro/libogc/lib/wii/libogc.a(usb.o)
 .text.USB_Deinitialize
                0x800247f8       0xc8 /opt/devkitpro/libogc/lib/wii/libogc.a(usb.o)
                0x800247f8                USB_Deinitialize
 .text.USB_Initialize
                0x800248c0      0x2f8 /opt/devkitpro/libogc/lib/wii/libogc.a(usb.o)
                0x800248c0                USB_Initialize
 .text.USB_OpenDevice
                0x80024bb8      0x2b8 /opt/devkitpro/libogc/lib/wii/libogc.a(usb.o)
                0x80024bb8                USB_OpenDevice
 .text.USBV5_CloseDevice
                0x80024e70      0x128 /opt/devkitpro/libogc/lib/wii/libogc.a(usb.o)
                0x80024e70                USBV5_CloseDevice
 .text.USB_CloseDeviceAsync
                0x80024f98       0xd0 /opt/devkitpro/libogc/lib/wii/libogc.a(usb.o)
                0x80024f98                USB_CloseDeviceAsync
 .text.USB_ReadIntrMsgAsync
                0x80025068       0x28 /opt/devkitpro/libogc/lib/wii/libogc.a(usb.o)
                0x80025068                USB_ReadIntrMsgAsync
 .text.USB_ReadBlkMsgAsync
                0x80025090       0x28 /opt/devkitpro/libogc/lib/wii/libogc.a(usb.o)
                0x80025090                USB_ReadBlkMsgAsync
 .text.USB_WriteBlkMsgAsync
                0x800250b8       0x28 /opt/devkitpro/libogc/lib/wii/libogc.a(usb.o)
                0x800250b8                USB_WriteBlkMsgAsync
 .text.USB_WriteCtrlMsgAsync
                0x800250e0        0x4 /opt/devkitpro/libogc/lib/wii/libogc.a(usb.o)
                0x800250e0                USB_WriteCtrlMsgAsync
 .text.__CheckARGV
                0x800250e4       0x80 /opt/devkitpro/libogc/lib/wii/libogc.a(argv.o)
                0x800250e4                __CheckARGV
 .text.CONF_Init
                0x80025164      0x184 /opt/devkitpro/libogc/lib/wii/libogc.a(conf.o)
                0x80025164                CONF_Init
 .text.__CONF_GetTxt
                0x800252e8      0x208 /opt/devkitpro/libogc/lib/wii/libogc.a(conf.o)
                0x800252e8                __CONF_GetTxt
 .text.__CONF_Find
                0x800254f0       0xfc /opt/devkitpro/libogc/lib/wii/libogc.a(conf.o)
                0x800254f0                __CONF_Find
 .text.CONF_GetLength
                0x800255ec      0x12c /opt/devkitpro/libogc/lib/wii/libogc.a(conf.o)
                0x800255ec                CONF_GetLength
 .text.CONF_Get
                0x80025718      0x140 /opt/devkitpro/libogc/lib/wii/libogc.a(conf.o)
                0x80025718                CONF_Get
 .text.CONF_GetShutdownMode
                0x80025858       0x54 /opt/devkitpro/libogc/lib/wii/libogc.a(conf.o)
                0x80025858                CONF_GetShutdownMode
 .text.CONF_GetIdleLedMode
                0x800258ac       0x54 /opt/devkitpro/libogc/lib/wii/libogc.a(conf.o)
                0x800258ac                CONF_GetIdleLedMode
 .text.CONF_GetProgressiveScan
                0x80025900       0x54 /opt/devkitpro/libogc/lib/wii/libogc.a(conf.o)
                0x80025900                CONF_GetProgressiveScan
 .text.CONF_GetEuRGB60
                0x80025954       0x54 /opt/devkitpro/libogc/lib/wii/libogc.a(conf.o)
                0x80025954                CONF_GetEuRGB60
 .text.CONF_GetIRSensitivity
                0x800259a8       0x54 /opt/devkitpro/libogc/lib/wii/libogc.a(conf.o)
                0x800259a8                CONF_GetIRSensitivity
 .text.CONF_GetSensorBarPosition
                0x800259fc       0x54 /opt/devkitpro/libogc/lib/wii/libogc.a(conf.o)
                0x800259fc                CONF_GetSensorBarPosition
 .text.CONF_GetCounterBias
                0x80025a50       0x4c /opt/devkitpro/libogc/lib/wii/libogc.a(conf.o)
                0x80025a50                CONF_GetCounterBias
 .text.CONF_GetDisplayOffsetH
                0x80025a9c       0x4c /opt/devkitpro/libogc/lib/wii/libogc.a(conf.o)
                0x80025a9c                CONF_GetDisplayOffsetH
 .text.CONF_GetPadDevices
                0x80025ae8       0x4c /opt/devkitpro/libogc/lib/wii/libogc.a(conf.o)
                0x80025ae8                CONF_GetPadDevices
 .text.CONF_GetVideo
                0x80025b34       0x88 /opt/devkitpro/libogc/lib/wii/libogc.a(conf.o)
                0x80025b34                CONF_GetVideo
 .text.__WII_WriteNANDBootInfo.isra.0
                0x80025bbc       0xbc /opt/devkitpro/libogc/lib/wii/libogc.a(wiilaunch.o)
 .text.__WII_WriteStateFlags.isra.0
                0x80025c78       0x94 /opt/devkitpro/libogc/lib/wii/libogc.a(wiilaunch.o)
 .text.WII_Initialize
                0x80025d0c      0x188 /opt/devkitpro/libogc/lib/wii/libogc.a(wiilaunch.o)
                0x80025d0c                WII_Initialize
 .text.__WII_SetArgs
                0x80025e94      0x190 /opt/devkitpro/libogc/lib/wii/libogc.a(wiilaunch.o)
                0x80025e94                __WII_SetArgs
 .text.WII_LaunchTitle
                0x80026024      0x1ac /opt/devkitpro/libogc/lib/wii/libogc.a(wiilaunch.o)
                0x80026024                WII_LaunchTitle
 .text.WII_LaunchTitleWithArgs
                0x800261d0      0x1ac /opt/devkitpro/libogc/lib/wii/libogc.a(wiilaunch.o)
                0x800261d0                WII_LaunchTitleWithArgs
 .text.WII_ReturnToMenu
                0x8002637c       0x58 /opt/devkitpro/libogc/lib/wii/libogc.a(wiilaunch.o)
                0x8002637c                WII_ReturnToMenu
 .text.__lwp_priority_init
                0x800263d4       0x1c /opt/devkitpro/libogc/lib/wii/libogc.a(lwp_priority.o)
                0x800263d4                __lwp_priority_init
 .text.__lwp_threadqueue_enqueuefifo
                0x800263f0      0x12c /opt/devkitpro/libogc/lib/wii/libogc.a(lwp_threadq.o)
                0x800263f0                __lwp_threadqueue_enqueuefifo
 .text.__lwp_threadqueue_dequeuefifo
                0x8002651c      0x134 /opt/devkitpro/libogc/lib/wii/libogc.a(lwp_threadq.o)
                0x8002651c                __lwp_threadqueue_dequeuefifo
 .text.__lwp_threadqueue_enqueuepriority
                0x80026650      0x334 /opt/devkitpro/libogc/lib/wii/libogc.a(lwp_threadq.o)
                0x80026650                __lwp_threadqueue_enqueuepriority
 .text.__lwp_threadqueue_dequeuepriority
                0x80026984      0x1d8 /opt/devkitpro/libogc/lib/wii/libogc.a(lwp_threadq.o)
                0x80026984                __lwp_threadqueue_dequeuepriority
 .text.__lwp_threadqueue_init
                0x80026b5c       0x64 /opt/devkitpro/libogc/lib/wii/libogc.a(lwp_threadq.o)
                0x80026b5c                __lwp_threadqueue_init
 .text.__lwp_threadqueue_enqueue
                0x80026bc0      0x138 /opt/devkitpro/libogc/lib/wii/libogc.a(lwp_threadq.o)
                0x80026bc0                __lwp_threadqueue_enqueue
 .text.__lwp_threadqueue_dequeue
                0x80026cf8       0x24 /opt/devkitpro/libogc/lib/wii/libogc.a(lwp_threadq.o)
                0x80026cf8                __lwp_threadqueue_dequeue
 .text.__lwp_threadqueue_flush
                0x80026d1c       0x68 /opt/devkitpro/libogc/lib/wii/libogc.a(lwp_threadq.o)
                0x80026d1c                __lwp_threadqueue_flush
 .text.__lwp_threadqueue_extractfifo
                0x80026d84       0xe8 /opt/devkitpro/libogc/lib/wii/libogc.a(lwp_threadq.o)
                0x80026d84                __lwp_threadqueue_extractfifo
 .text.__lwp_threadqueue_extractpriority
                0x80026e6c      0x148 /opt/devkitpro/libogc/lib/wii/libogc.a(lwp_threadq.o)
                0x80026e6c                __lwp_threadqueue_extractpriority
 .text.__lwp_threadqueue_timeout
                0x80026fb4       0xd0 /opt/devkitpro/libogc/lib/wii/libogc.a(lwp_threadq.o)
 .text.__lwp_threadqueue_extractproxy
                0x80027084       0x64 /opt/devkitpro/libogc/lib/wii/libogc.a(lwp_threadq.o)
                0x80027084                __lwp_threadqueue_extractproxy
 .text.__lwp_mutex_initialize
                0x800270e8       0xa4 /opt/devkitpro/libogc/lib/wii/libogc.a(lwp_mutex.o)
                0x800270e8                __lwp_mutex_initialize
 .text.__lwp_mutex_surrender
                0x8002718c      0x14c /opt/devkitpro/libogc/lib/wii/libogc.a(lwp_mutex.o)
                0x8002718c                __lwp_mutex_surrender
 .text.__lwp_mutex_seize_irq_blocking
                0x800272d8       0xf8 /opt/devkitpro/libogc/lib/wii/libogc.a(lwp_mutex.o)
                0x800272d8                __lwp_mutex_seize_irq_blocking
 .text.__lwp_mutex_flush
                0x800273d0        0x4 /opt/devkitpro/libogc/lib/wii/libogc.a(lwp_mutex.o)
                0x800273d0                __lwp_mutex_flush
 .text.__systemcall_init
                0x800273d4       0x70 /opt/devkitpro/libogc/lib/wii/libogc.a(exception.o)
                0x800273d4                __systemcall_init
 .text.__exception_init
                0x80027444      0x120 /opt/devkitpro/libogc/lib/wii/libogc.a(exception.o)
                0x80027444                __exception_init
 .text.__exception_close
                0x80027564       0xac /opt/devkitpro/libogc/lib/wii/libogc.a(exception.o)
                0x80027564                __exception_close
 .text.__exception_closeall
                0x80027610       0x80 /opt/devkitpro/libogc/lib/wii/libogc.a(exception.o)
                0x80027610                __exception_closeall
 .text.c_default_exceptionhandler
                0x80027690      0x458 /opt/devkitpro/libogc/lib/wii/libogc.a(exception.o)
                0x80027690                c_default_exceptionhandler
 .text.__lwp_sema_init
                0x80027ae8       0x14 /opt/devkitpro/libogc/lib/wii/libogc.a(semaphore.o)
                0x80027ae8                __lwp_sema_init
 .text.__exi_irq_handler
                0x80027afc       0x58 /opt/devkitpro/libogc/lib/wii/libogc.a(exi.o)
 .text.__ext_irq_handler
                0x80027b54       0xc8 /opt/devkitpro/libogc/lib/wii/libogc.a(exi.o)
 .text.__tc_irq_handler
                0x80027c1c      0x178 /opt/devkitpro/libogc/lib/wii/libogc.a(exi.o)
 .text.__exi_probe
                0x80027d94      0x214 /opt/devkitpro/libogc/lib/wii/libogc.a(exi.o)
 .text.__exi_attach
                0x80027fa8      0x104 /opt/devkitpro/libogc/lib/wii/libogc.a(exi.o)
 .text.EXI_Lock
                0x800280ac      0x218 /opt/devkitpro/libogc/lib/wii/libogc.a(exi.o)
                0x800280ac                EXI_Lock
 .text.EXI_Unlock
                0x800282c4      0x224 /opt/devkitpro/libogc/lib/wii/libogc.a(exi.o)
                0x800282c4                EXI_Unlock
 .text.EXI_Select
                0x800284e8      0x208 /opt/devkitpro/libogc/lib/wii/libogc.a(exi.o)
                0x800284e8                EXI_Select
 .text.EXI_Deselect
                0x800286f0      0x16c /opt/devkitpro/libogc/lib/wii/libogc.a(exi.o)
                0x800286f0                EXI_Deselect
 .text.EXI_Sync
                0x8002885c      0x108 /opt/devkitpro/libogc/lib/wii/libogc.a(exi.o)
                0x8002885c                EXI_Sync
 .text.EXI_Imm  0x80028964      0x1f8 /opt/devkitpro/libogc/lib/wii/libogc.a(exi.o)
                0x80028964                EXI_Imm
 .text.EXI_ImmEx
                0x80028b5c       0xd8 /opt/devkitpro/libogc/lib/wii/libogc.a(exi.o)
                0x80028b5c                EXI_ImmEx
 .text.EXI_Dma  0x80028c34      0x16c /opt/devkitpro/libogc/lib/wii/libogc.a(exi.o)
                0x80028c34                EXI_Dma
 .text.EXI_Detach
                0x80028da0       0xb0 /opt/devkitpro/libogc/lib/wii/libogc.a(exi.o)
                0x80028da0                EXI_Detach
 .text.EXI_GetID
                0x80028e50      0x338 /opt/devkitpro/libogc/lib/wii/libogc.a(exi.o)
                0x80028e50                EXI_GetID
 .text.__unlocked_handler
                0x80029188       0x28 /opt/devkitpro/libogc/lib/wii/libogc.a(exi.o)
 .text.EXI_ProbeReset
                0x800291b0       0x70 /opt/devkitpro/libogc/lib/wii/libogc.a(exi.o)
                0x800291b0                EXI_ProbeReset
 .text.__exi_init
                0x80029220      0x188 /opt/devkitpro/libogc/lib/wii/libogc.a(exi.o)
                0x80029220                __exi_init
 .text.__lwp_mutex_locksupp.constprop.0
                0x800293a8      0x2a8 /opt/devkitpro/libogc/lib/wii/libogc.a(mutex.o)
 .text.__lwp_mutex_init
                0x80029650       0x14 /opt/devkitpro/libogc/lib/wii/libogc.a(mutex.o)
                0x80029650                __lwp_mutex_init
 .text.LWP_MutexInit
                0x80029664      0x100 /opt/devkitpro/libogc/lib/wii/libogc.a(mutex.o)
                0x80029664                LWP_MutexInit
 .text.LWP_MutexDestroy
                0x80029764       0xf0 /opt/devkitpro/libogc/lib/wii/libogc.a(mutex.o)
                0x80029764                LWP_MutexDestroy
 .text.LWP_MutexLock
                0x80029854        0x8 /opt/devkitpro/libogc/lib/wii/libogc.a(mutex.o)
                0x80029854                LWP_MutexLock
 .text.LWP_MutexUnlock
                0x8002985c       0x9c /opt/devkitpro/libogc/lib/wii/libogc.a(mutex.o)
                0x8002985c                LWP_MutexUnlock
 .text.__GX_InitRevBits
                0x800298f8       0x98 /opt/devkitpro/libogc/lib/wii/libogc.a(gx.o)
 .text.GX_AbortFrame
                0x80029990      0x3d8 /opt/devkitpro/libogc/lib/wii/libogc.a(gx.o)
                0x80029990                GX_AbortFrame
 .text.number   0x80029d68      0x318 /opt/devkitpro/libogc/lib/wii/libogc.a(kprintf.o)
 .text.kvsprintf
                0x8002a080      0x888 /opt/devkitpro/libogc/lib/wii/libogc.a(kprintf.o)
                0x8002a080                kvsprintf
 .text.kprintf  0x8002a908       0xac /opt/devkitpro/libogc/lib/wii/libogc.a(kprintf.o)
                0x8002a908                kprintf
 .text.net_wc24cleanup
                0x8002a9b4       0x64 /opt/devkitpro/libogc/lib/wii/libogc.a(network_wii.o)
                0x8002a9b4                net_wc24cleanup
 .text.atanf    0x8002aa18      0x290 /opt/devkitpro/devkitPPC/bin/../lib/gcc/powerpc-eabi/13.1.0/../../../../powerpc-eabi/lib/libm.a(libm_a-sf_atan.o)
                0x8002aa18                atanf
 .text.atan2    0x8002aca8        0x4 /opt/devkitpro/devkitPPC/bin/../lib/gcc/powerpc-eabi/13.1.0/../../../../powerpc-eabi/lib/libm.a(libm_a-w_atan2.o)
                0x8002aca8                atan2
 .text.fabsf    0x8002acac       0x20 /opt/devkitpro/devkitPPC/bin/../lib/gcc/powerpc-eabi/13.1.0/../../../../powerpc-eabi/lib/libm.a(libm_a-sf_fabs.o)
                0x8002acac                fabsf
 .text.cosf     0x8002accc       0xe0 /opt/devkitpro/devkitPPC/bin/../lib/gcc/powerpc-eabi/13.1.0/../../../../powerpc-eabi/lib/libm.a(libm_a-sf_cos.o)
                0x8002accc                cosf
 .text.sqrtf    0x8002adac       0x74 /opt/devkitpro/devkitPPC/bin/../lib/gcc/powerpc-eabi/13.1.0/../../../../powerpc-eabi/lib/libm.a(libm_a-wf_sqrt.o)
                0x8002adac                sqrtf
 .text.hypotf   0x8002ae20       0x8c /opt/devkitpro/devkitPPC/bin/../lib/gcc/powerpc-eabi/13.1.0/../../../../powerpc-eabi/lib/libm.a(libm_a-wf_hypot.o)
                0x8002ae20                hypotf